Archive member included to satisfy reference by file (symbol)

c:/st/stm32cubeide_1.8.0/stm32cubeide/plugins/gcc-arm-none-eabi-10.3-2021.10/bin/../lib/gcc/arm-none-eabi/10.3.1/../../../../arm-none-eabi/lib/thumb/v7e-m+fp/hard\libstdc++_nano.a(del_ops.o)
                              ./Core/Src/main.o (operator delete(void*, unsigned int))
c:/st/stm32cubeide_1.8.0/stm32cubeide/plugins/gcc-arm-none-eabi-10.3-2021.10/bin/../lib/gcc/arm-none-eabi/10.3.1/../../../../arm-none-eabi/lib/thumb/v7e-m+fp/hard\libstdc++_nano.a(new_op.o)
                              ./Core/Src/main.o (operator new(unsigned int))
c:/st/stm32cubeide_1.8.0/stm32cubeide/plugins/gcc-arm-none-eabi-10.3-2021.10/bin/../lib/gcc/arm-none-eabi/10.3.1/../../../../arm-none-eabi/lib/thumb/v7e-m+fp/hard\libstdc++_nano.a(tree.o)
                              ./Core/Src/stm32f3xx_it.o (std::_Rb_tree_increment(std::_Rb_tree_node_base*))
c:/st/stm32cubeide_1.8.0/stm32cubeide/plugins/gcc-arm-none-eabi-10.3-2021.10/bin/../lib/gcc/arm-none-eabi/10.3.1/../../../../arm-none-eabi/lib/thumb/v7e-m+fp/hard\libstdc++_nano.a(functexcept.o)
                              ./Core/Src/main.o (std::__throw_bad_alloc())
c:/st/stm32cubeide_1.8.0/stm32cubeide/plugins/gcc-arm-none-eabi-10.3-2021.10/bin/../lib/gcc/arm-none-eabi/10.3.1/../../../../arm-none-eabi/lib/thumb/v7e-m+fp/hard\libstdc++_nano.a(functional.o)
                              ./Core/Src/stm32f3xx_it.o (std::__throw_bad_function_call())
c:/st/stm32cubeide_1.8.0/stm32cubeide/plugins/gcc-arm-none-eabi-10.3-2021.10/bin/../lib/gcc/arm-none-eabi/10.3.1/../../../../arm-none-eabi/lib/thumb/v7e-m+fp/hard\libstdc++_nano.a(snprintf_lite.o)
                              c:/st/stm32cubeide_1.8.0/stm32cubeide/plugins/gcc-arm-none-eabi-10.3-2021.10/bin/../lib/gcc/arm-none-eabi/10.3.1/../../../../arm-none-eabi/lib/thumb/v7e-m+fp/hard\libstdc++_nano.a(functexcept.o) (__gnu_cxx::__snprintf_lite(char*, unsigned int, char const*, std::__va_list))
c:/st/stm32cubeide_1.8.0/stm32cubeide/plugins/gcc-arm-none-eabi-10.3-2021.10/bin/../lib/gcc/arm-none-eabi/10.3.1/../../../../arm-none-eabi/lib/thumb/v7e-m+fp/hard\libstdc++_nano.a(del_op.o)
                              c:/st/stm32cubeide_1.8.0/stm32cubeide/plugins/gcc-arm-none-eabi-10.3-2021.10/bin/../lib/gcc/arm-none-eabi/10.3.1/../../../../arm-none-eabi/lib/thumb/v7e-m+fp/hard\libstdc++_nano.a(del_ops.o) (operator delete(void*))
c:/st/stm32cubeide_1.8.0/stm32cubeide/plugins/gcc-arm-none-eabi-10.3-2021.10/bin/../lib/gcc/arm-none-eabi/10.3.1/../../../../arm-none-eabi/lib/thumb/v7e-m+fp/hard\libstdc++_nano.a(eh_exception.o)
                              c:/st/stm32cubeide_1.8.0/stm32cubeide/plugins/gcc-arm-none-eabi-10.3-2021.10/bin/../lib/gcc/arm-none-eabi/10.3.1/../../../../arm-none-eabi/lib/thumb/v7e-m+fp/hard\libstdc++_nano.a(functional.o) (std::exception::~exception())
c:/st/stm32cubeide_1.8.0/stm32cubeide/plugins/gcc-arm-none-eabi-10.3-2021.10/bin/../lib/gcc/arm-none-eabi/10.3.1/../../../../arm-none-eabi/lib/thumb/v7e-m+fp/hard\libstdc++_nano.a(new_handler.o)
                              c:/st/stm32cubeide_1.8.0/stm32cubeide/plugins/gcc-arm-none-eabi-10.3-2021.10/bin/../lib/gcc/arm-none-eabi/10.3.1/../../../../arm-none-eabi/lib/thumb/v7e-m+fp/hard\libstdc++_nano.a(new_op.o) (std::get_new_handler())
c:/st/stm32cubeide_1.8.0/stm32cubeide/plugins/gcc-arm-none-eabi-10.3-2021.10/bin/../lib/gcc/arm-none-eabi/10.3.1/../../../../arm-none-eabi/lib/thumb/v7e-m+fp/hard\libstdc++_nano.a(pure.o)
                              c:/st/stm32cubeide_1.8.0/stm32cubeide/plugins/gcc-arm-none-eabi-10.3-2021.10/bin/../lib/gcc/arm-none-eabi/10.3.1/../../../../arm-none-eabi/lib/thumb/v7e-m+fp/hard\libstdc++_nano.a(eh_exception.o) (__cxa_pure_virtual)
c:/st/stm32cubeide_1.8.0/stm32cubeide/plugins/gcc-arm-none-eabi-10.3-2021.10/bin/../lib/gcc/arm-none-eabi/10.3.1/../../../../arm-none-eabi/lib/thumb/v7e-m+fp/hard\libstdc++_nano.a(si_class_type_info.o)
                              c:/st/stm32cubeide_1.8.0/stm32cubeide/plugins/gcc-arm-none-eabi-10.3-2021.10/bin/../lib/gcc/arm-none-eabi/10.3.1/../../../../arm-none-eabi/lib/thumb/v7e-m+fp/hard\libstdc++_nano.a(functional.o) (vtable for __cxxabiv1::__si_class_type_info)
c:/st/stm32cubeide_1.8.0/stm32cubeide/plugins/gcc-arm-none-eabi-10.3-2021.10/bin/../lib/gcc/arm-none-eabi/10.3.1/../../../../arm-none-eabi/lib/thumb/v7e-m+fp/hard\libstdc++_nano.a(tinfo.o)
                              c:/st/stm32cubeide_1.8.0/stm32cubeide/plugins/gcc-arm-none-eabi-10.3-2021.10/bin/../lib/gcc/arm-none-eabi/10.3.1/../../../../arm-none-eabi/lib/thumb/v7e-m+fp/hard\libstdc++_nano.a(si_class_type_info.o) (std::type_info::__is_pointer_p() const)
c:/st/stm32cubeide_1.8.0/stm32cubeide/plugins/gcc-arm-none-eabi-10.3-2021.10/bin/../lib/gcc/arm-none-eabi/10.3.1/../../../../arm-none-eabi/lib/thumb/v7e-m+fp/hard\libstdc++_nano.a(class_type_info.o)
[...]
Memory Configuration

Name             Origin             Length             Attributes
CCMRAM           0x10000000         0x00001000         xrw
RAM              0x20000000         0x00003000         xrw
FLASH            0x08000000         0x00010000         xr
*default*        0x00000000         0xffffffff

Linker script and memory map

LOAD c:/st/stm32cubeide_1.8.0/stm32cubeide/plugins/gcc-arm-none-eabi-10.3-2021.10/bin/../lib/gcc/arm-none-eabi/10.3.1/thumb/v7e-m+fp/hard/crti.o
LOAD c:/st/stm32cubeide_1.8.0/stm32cubeide/plugins/gcc-arm-none-eabi-10.3-2021.10/bin/../lib/gcc/arm-none-eabi/10.3.1/thumb/v7e-m+fp/hard/crtbegin.o
LOAD c:/st/stm32cubeide_1.8.0/stm32cubeide/plugins/gcc-arm-none-eabi-10.3-2021.10/bin/../lib/gcc/arm-none-eabi/10.3.1/../../../../arm-none-eabi/lib/thumb/v7e-m+fp/hard/crt0.o
LOAD ./Core/Src/main.o
LOAD ./Core/Src/stm32f3xx_hal_msp.o
LOAD ./Core/Src/stm32f3xx_it.o
LOAD ./Core/Src/syscalls.o
LOAD ./Core/Src/sysmem.o
LOAD ./Core/Src/system_stm32f3xx.o
LOAD ./Core/Startup/startup_stm32f303k8tx.o
LOAD ./Drivers/STM32F3xx_HAL_Driver/Src/stm32f3xx_hal.o
LOAD ./Drivers/STM32F3xx_HAL_Driver/Src/stm32f3xx_hal_cortex.o
LOAD ./Drivers/STM32F3xx_HAL_Driver/Src/stm32f3xx_hal_dma.o
LOAD ./Drivers/STM32F3xx_HAL_Driver/Src/stm32f3xx_hal_exti.o
LOAD ./Drivers/STM32F3xx_HAL_Driver/Src/stm32f3xx_hal_flash.o
LOAD ./Drivers/STM32F3xx_HAL_Driver/Src/stm32f3xx_hal_flash_ex.o
LOAD ./Drivers/STM32F3xx_HAL_Driver/Src/stm32f3xx_hal_gpio.o
LOAD ./Drivers/STM32F3xx_HAL_Driver/Src/stm32f3xx_hal_i2c.o
LOAD ./Drivers/STM32F3xx_HAL_Driver/Src/stm32f3xx_hal_i2c_ex.o
LOAD ./Drivers/STM32F3xx_HAL_Driver/Src/stm32f3xx_hal_pwr.o
LOAD ./Drivers/STM32F3xx_HAL_Driver/Src/stm32f3xx_hal_pwr_ex.o
LOAD ./Drivers/STM32F3xx_HAL_Driver/Src/stm32f3xx_hal_rcc.o
LOAD ./Drivers/STM32F3xx_HAL_Driver/Src/stm32f3xx_hal_rcc_ex.o
LOAD ./Drivers/STM32F3xx_HAL_Driver/Src/stm32f3xx_hal_tim.o
LOAD ./Drivers/STM32F3xx_HAL_Driver/Src/stm32f3xx_hal_tim_ex.o
LOAD ./Drivers/STM32F3xx_HAL_Driver/Src/stm32f3xx_hal_uart.o
LOAD ./Drivers/STM32F3xx_HAL_Driver/Src/stm32f3xx_hal_uart_ex.o
START GROUP
LOAD c:/st/stm32cubeide_1.8.0/stm32cubeide/plugins/gcc-arm-none-eabi-10.3-2021.10/bin/../lib/gcc/arm-none-eabi/10.3.1/../../../../arm-none-eabi/lib/thumb/v7e-m+fp/hard\libstdc++_nano.a
LOAD c:/st/stm32cubeide_1.8.0/stm32cubeide/plugins/gcc-arm-none-eabi-10.3-2021.10/bin/../lib/gcc/arm-none-eabi/10.3.1/../../../../arm-none-eabi/lib/thumb/v7e-m+fp/hard\libsupc++_nano.a
END GROUP
LOAD c:/st/stm32cubeide_1.8.0/stm32cubeide/plugins/gcc-arm-none-eabi-10.3-2021.10/bin/../lib/gcc/arm-none-eabi/10.3.1/../../../../arm-none-eabi/lib/thumb/v7e-m+fp/hard\libstdc++_nano.a
LOAD c:/st/stm32cubeide_1.8.0/stm32cubeide/plugins/gcc-arm-none-eabi-10.3-2021.10/bin/../lib/gcc/arm-none-eabi/10.3.1/../../../../arm-none-eabi/lib/thumb/v7e-m+fp/hard\libm.a
LOAD c:/st/stm32cubeide_1.8.0/stm32cubeide/plugins/gcc-arm-none-eabi-10.3-2021.10/bin/../lib/gcc/arm-none-eabi/10.3.1/../../../../arm-none-eabi/lib/thumb/v7e-m+fp/hard\libc_nano.a
START GROUP
LOAD c:/st/stm32cubeide_1.8.0/stm32cubeide/plugins/gcc-arm-none-eabi-10.3-2021.10/bin/../lib/gcc/arm-none-eabi/10.3.1/thumb/v7e-m+fp/hard\libgcc.a
LOAD c:/st/stm32cubeide_1.8.0/stm32cubeide/plugins/gcc-arm-none-eabi-10.3-2021.10/bin/../lib/gcc/arm-none-eabi/10.3.1/../../../../arm-none-eabi/lib/thumb/v7e-m+fp/hard\libc_nano.a
END GROUP
START GROUP
LOAD c:/st/stm32cubeide_1.8.0/stm32cubeide/plugins/gcc-arm-none-eabi-10.3-2021.10/bin/../lib/gcc/arm-none-eabi/10.3.1/thumb/v7e-m+fp/hard\libgcc.a
LOAD c:/st/stm32cubeide_1.8.0/stm32cubeide/plugins/gcc-arm-none-eabi-10.3-2021.10/bin/../lib/gcc/arm-none-eabi/10.3.1/../../../../arm-none-eabi/lib/thumb/v7e-m+fp/hard\libc_nano.a
END GROUP
LOAD c:/st/stm32cubeide_1.8.0/stm32cubeide/plugins/gcc-arm-none-eabi-10.3-2021.10/bin/../lib/gcc/arm-none-eabi/10.3.1/thumb/v7e-m+fp/hard/crtend.o
LOAD c:/st/stm32cubeide_1.8.0/stm32cubeide/plugins/gcc-arm-none-eabi-10.3-2021.10/bin/../lib/gcc/arm-none-eabi/10.3.1/thumb/v7e-m+fp/hard/crtn.o
                0x20003000                _estack = (ORIGIN (RAM) + LENGTH (RAM))
                0x00000200                _Min_Heap_Size = 0x200
                0x00000400                _Min_Stack_Size = 0x400

.isr_vector     0x08000000      0x188
                0x08000000                . = ALIGN (0x4)
 *(.isr_vector)
 .isr_vector    0x08000000      0x188 ./Core/Startup/startup_stm32f303k8tx.o
                0x08000000                g_pfnVectors
                0x08000188                . = ALIGN (0x4)

.text           0x08000188     0x6180
                0x08000188                . = ALIGN (0x4)
 *(.text)
 .text          0x08000188       0x40 c:/st/stm32cubeide_1.8.0/stm32cubeide/plugins/gcc-arm-none-eabi-10.3-2021.10/bin/../lib/gcc/arm-none-eabi/10.3.1/thumb/v7e-m+fp/hard/crtbegin.o
 *(.text*)
 .text._ZnwjPv  0x080001c8       0x18 ./Core/Src/main.o
                0x080001c8                operator new(unsigned int, void*)
 .text._ZNSt9_Any_data9_M_accessEv
                0x080001e0       0x16 ./Core/Src/main.o
                0x080001e0                std::_Any_data::_M_access()
 .text._ZNKSt9_Any_data9_M_accessEv
                0x080001f6       0x16 ./Core/Src/main.o
                0x080001f6                std::_Any_data::_M_access() const
 .text._ZNSt14_Function_baseC2Ev
                0x0800020c       0x1c ./Core/Src/main.o
                0x0800020c                std::_Function_base::_Function_base()
                0x0800020c                std::_Function_base::_Function_base()
 .text._ZNSt14_Function_baseD2Ev
                0x08000228       0x26 ./Core/Src/main.o
                0x08000228                std::_Function_base::~_Function_base()
                0x08000228                std::_Function_base::~_Function_base()
 .text._ZNKSt14_Function_base8_M_emptyEv
                0x0800024e       0x22 ./Core/Src/main.o
                0x0800024e                std::_Function_base::_M_empty() const
 .text._ZN3LEDC2EP17TIM_HandleTypeDef
                0x08000270       0x1e ./Core/Src/main.o
                0x08000270                LED::LED(TIM_HandleTypeDef*)
                0x08000270                LED::LED(TIM_HandleTypeDef*)
 .text._ZN3LED8setColorENS_5ColorE
                0x0800028e       0x88 ./Core/Src/main.o
                0x0800028e                LED::setColor(LED::Color)
 .text._ZNSt15_Rb_tree_header8_M_resetEv
                0x08000316       0x2c ./Core/Src/main.o
                0x08000316                std::_Rb_tree_header::_M_reset()
 .text._ZNSt8functionIFvvEED2Ev
                0x08000342       0x1a ./Core/Src/main.o
                0x08000342                std::function<void ()>::~function()
                0x08000342                std::function<void ()>::~function()
 .text._ZNSt4pairIP17InterruptAccessorSt8functionIFvvEEED2Ev
                0x0800035c       0x1c ./Core/Src/main.o
                0x0800035c                std::pair<InterruptAccessor*, std::function<void ()> >::~pair()
                0x0800035c                std::pair<InterruptAccessor*, std::function<void ()> >::~pair()
 .text._ZN17InterruptAccessorC2ERSt3mapIKPS_KSt8functionIFvvEESt4lessIS2_ESaISt4pairIS2_S6_EEERS6_
                0x08000378       0x58 ./Core/Src/main.o
                0x08000378                InterruptAccessor::InterruptAccessor(std::map<InterruptAccessor* const, std::function<void ()> const, std::less<InterruptAccessor* const>, std::allocator<std::pair<InterruptAccessor* const, std::function<void ()> const> > >&, std::function<void ()> const&)
                0x08000378                InterruptAccessor::InterruptAccessor(std::map<InterruptAccessor* const, std::function<void ()> const, std::less<InterruptAccessor* const>, std::allocator<std::pair<InterruptAccessor* const, std::function<void ()> const> > >&, std::function<void ()> const&)
 .text._ZN17InterruptAccessorD2Ev
                0x080003d0       0x30 ./Core/Src/main.o
                0x080003d0                InterruptAccessor::~InterruptAccessor()
                0x080003d0                InterruptAccessor::~InterruptAccessor()
 .text._ZN17InterruptAccessorD0Ev
                0x08000400       0x20 ./Core/Src/main.o
                0x08000400                InterruptAccessor::~InterruptAccessor()
 .text._ZZ4mainENKUlvE_clEv
                0x08000420       0x88 ./Core/Src/main.o
 .text.main     0x080004a8       0x50 ./Core/Src/main.o
                0x080004a8                main
 .text._Z18SystemClock_Configv
                0x080004f8       0xd4 ./Core/Src/main.o
                0x080004f8                SystemClock_Config()
 .text._ZL12MX_TIM1_Initv
                0x080005cc      0x1b4 ./Core/Src/main.o
 .text._ZL19MX_USART1_UART_Initv
                0x08000780       0x68 ./Core/Src/main.o
 .text._ZL12MX_GPIO_Initv
                0x080007e8       0x70 ./Core/Src/main.o
 .text.Error_Handler
                0x08000858        0xe ./Core/Src/main.o
                0x08000858                Error_Handler
 .text._ZSt9make_pairIP17InterruptAccessorRKSt8functionIFvvEEESt4pairINSt25__strip_reference_wrapperINSt5decayIT_E4typeEE6__typeENS8_INS9_IT0_E4typeEE6__typeEEOSA_OSF_
                0x08000866       0x2e ./Core/Src/main.o
                0x08000866                std::pair<std::__strip_reference_wrapper<std::decay<InterruptAccessor*>::type>::__type, std::__strip_reference_wrapper<std::decay<std::function<void ()> const&>::type>::__type> std::make_pair<InterruptAccessor*, std::function<void ()> const&>(InterruptAccessor*&&, std::function<void ()> const&)
 .text._ZNSt3mapIKP17InterruptAccessorKSt8functionIFvvEESt4lessIS2_ESaISt4pairIS2_S6_EEE6insertIS9_IS1_S5_EEENSt9enable_ifIXsrSt16is_constructibleISA_JT_EE5valueES9_ISt17_Rb_tree_iteratorISA_EbEE4typeEOSH_
                0x08000894       0x2a ./Core/Src/main.o
                0x08000894                std::enable_if<std::is_constructible<std::pair<InterruptAccessor* const, std::function<void ()> const>, std::pair<InterruptAccessor*, std::function<void ()> > >::value, std::pair<std::_Rb_tree_iterator<std::pair<InterruptAccessor* const, std::function<void ()> const> >, bool> >::type std::map<InterruptAccessor* const, std::function<void ()> const, std::less<InterruptAccessor* const>, std::allocator<std::pair<InterruptAccessor* const, std::function<void ()> const> > >::insert<std::pair<InterruptAccessor*, std::function<void ()> > >(std::pair<InterruptAccessor*, std::function<void ()> >&&)
 .text._ZNSt3mapIKP17InterruptAccessorKSt8functionIFvvEESt4lessIS2_ESaISt4pairIS2_S6_EEE5eraseERS2_
                0x080008be       0x1e ./Core/Src/main.o
                0x080008be                std::map<InterruptAccessor* const, std::function<void ()> const, std::less<InterruptAccessor* const>, std::allocator<std::pair<InterruptAccessor* const, std::function<void ()> const> > >::erase(InterruptAccessor* const&)
 .text._ZNSt8functionIFvvEEC2IZ4mainEUlvE_vvEET_
                0x080008dc       0x54 ./Core/Src/main.o
 .text._ZNSt8functionIFvvEEC2EOS1_
                0x08000930       0x24 ./Core/Src/main.o
                0x08000930                std::function<void ()>::function(std::function<void ()>&&)
                0x08000930                std::function<void ()>::function(std::function<void ()>&&)
 .text._ZSt7forwardIP17InterruptAccessorEOT_RNSt16remove_referenceIS2_E4typeE
                0x08000954       0x16 ./Core/Src/main.o
                0x08000954                InterruptAccessor*&& std::forward<InterruptAccessor*>(std::remove_reference<InterruptAccessor*>::type&)
 .text._ZSt7forwardIRKSt8functionIFvvEEEOT_RNSt16remove_referenceIS5_E4typeE
                0x0800096a       0x16 ./Core/Src/main.o
                0x0800096a                std::function<void ()> const& std::forward<std::function<void ()> const&>(std::remove_reference<std::function<void ()> const&>::type&)
 .text._ZNSt4pairIP17InterruptAccessorSt8functionIFvvEEEC2IS1_Lb1EEEOT_RKS4_
                0x08000980       0x30 ./Core/Src/main.o
                0x08000980                std::pair<InterruptAccessor*, std::function<void ()> >::pair<InterruptAccessor*, true>(InterruptAccessor*&&, std::function<void ()> const&)
                0x08000980                std::pair<InterruptAccessor*, std::function<void ()> >::pair<InterruptAccessor*, true>(InterruptAccessor*&&, std::function<void ()> const&)
 .text._ZSt7forwardISt4pairIP17InterruptAccessorSt8functionIFvvEEEEOT_RNSt16remove_referenceIS7_E4typeE
                0x080009b0       0x16 ./Core/Src/main.o
                0x080009b0                std::pair<InterruptAccessor*, std::function<void ()> >&& std::forward<std::pair<InterruptAccessor*, std::function<void ()> > >(std::remove_reference<std::pair<InterruptAccessor*, std::function<void ()> > >::type&)
 .text._ZNSt8_Rb_treeIKP17InterruptAccessorSt4pairIS2_KSt8functionIFvvEEESt10_Select1stIS8_ESt4lessIS2_ESaIS8_EE17_M_emplace_uniqueIJS3_IS1_S6_EEEES3_ISt17_Rb_tree_iteratorIS8_EbEDpOT_
                0x080009c6       0x94 ./Core/Src/main.o
                0x080009c6                std::pair<std::_Rb_tree_iterator<std::pair<InterruptAccessor* const, std::function<void ()> const> >, bool> std::_Rb_tree<InterruptAccessor* const, std::pair<InterruptAccessor* const, std::function<void ()> const>, std::_Select1st<std::pair<InterruptAccessor* const, std::function<void ()> const> >, std::less<InterruptAccessor* const>, std::allocator<std::pair<InterruptAccessor* const, std::function<void ()> const> > >::_M_emplace_unique<std::pair<InterruptAccessor*, std::function<void ()> > >(std::pair<InterruptAccessor*, std::function<void ()> >&&)
 .text._ZNSt8_Rb_treeIKP17InterruptAccessorSt4pairIS2_KSt8functionIFvvEEESt10_Select1stIS8_ESt4lessIS2_ESaIS8_EE5eraseERS2_
                0x08000a5a       0x60 ./Core/Src/main.o
                0x08000a5a                std::_Rb_tree<InterruptAccessor* const, std::pair<InterruptAccessor* const, std::function<void ()> const>, std::_Select1st<std::pair<InterruptAccessor* const, std::function<void ()> const> >, std::less<InterruptAccessor* const>, std::allocator<std::pair<InterruptAccessor* const, std::function<void ()> const> > >::erase(InterruptAccessor* const&)
 .text._ZNSt14_Function_base13_Base_managerIZ4mainEUlvE_E21_M_not_empty_functionIS1_EEbRKT_
                0x08000aba       0x16 ./Core/Src/main.o
 .text._ZSt4moveIRZ4mainEUlvE_EONSt16remove_referenceIT_E4typeEOS3_
                0x08000ad0       0x16 ./Core/Src/main.o
 .text._ZNSt14_Function_base13_Base_managerIZ4mainEUlvE_E15_M_init_functorERSt9_Any_dataOS1_
                0x08000ae6       0x24 ./Core/Src/main.o
 .text._ZNSt17_Function_handlerIFvvEZ4mainEUlvE_E9_M_invokeERKSt9_Any_data
                0x08000b0a       0x1e ./Core/Src/main.o
 .text._ZNSt17_Function_handlerIFvvEZ4mainEUlvE_E10_M_managerERSt9_Any_dataRKS3_St18_Manager_operation
                0x08000b28       0x3e ./Core/Src/main.o
 .text._ZNSt8functionIFvvEE4swapERS1_
                0x08000b66       0x42 ./Core/Src/main.o
                0x08000b66                std::function<void ()>::swap(std::function<void ()>&)
 .text._ZNSt8functionIFvvEEC2ERKS1_
                0x08000ba8       0x44 ./Core/Src/main.o
                0x08000ba8                std::function<void ()>::function(std::function<void ()> const&)
                0x08000ba8                std::function<void ()>::function(std::function<void ()> const&)
 .text._ZNSt8_Rb_treeIKP17InterruptAccessorSt4pairIS2_KSt8functionIFvvEEESt10_Select1stIS8_ESt4lessIS2_ESaIS8_EE14_M_create_nodeIJS3_IS1_S6_EEEEPSt13_Rb_tree_nodeIS8_EDpOT_
                0x08000bec       0x2e ./Core/Src/main.o
                0x08000bec                std::_Rb_tree_node<std::pair<InterruptAccessor* const, std::function<void ()> const> >* std::_Rb_tree<InterruptAccessor* const, std::pair<InterruptAccessor* const, std::function<void ()> const>, std::_Select1st<std::pair<InterruptAccessor* const, std::function<void ()> const> >, std::less<InterruptAccessor* const>, std::allocator<std::pair<InterruptAccessor* const, std::function<void ()> const> > >::_M_create_node<std::pair<InterruptAccessor*, std::function<void ()> > >(std::pair<InterruptAccessor*, std::function<void ()> >&&)
 .text._ZNSt8_Rb_treeIKP17InterruptAccessorSt4pairIS2_KSt8functionIFvvEEESt10_Select1stIS8_ESt4lessIS2_ESaIS8_EE24_M_get_insert_unique_posERS2_
                0x08000c1a      0x10a ./Core/Src/main.o
                0x08000c1a                std::_Rb_tree<InterruptAccessor* const, std::pair<InterruptAccessor* const, std::function<void ()> const>, std::_Select1st<std::pair<InterruptAccessor* const, std::function<void ()> const> >, std::less<InterruptAccessor* const>, std::allocator<std::pair<InterruptAccessor* const, std::function<void ()> const> > >::_M_get_insert_unique_pos(InterruptAccessor* const&)
 .text._ZNSt8_Rb_treeIKP17InterruptAccessorSt4pairIS2_KSt8functionIFvvEEESt10_Select1stIS8_ESt4lessIS2_ESaIS8_EE6_S_keyEPKSt13_Rb_tree_nodeIS8_E
                0x08000d24       0x26 ./Core/Src/main.o
                0x08000d24                std::_Rb_tree<InterruptAccessor* const, std::pair<InterruptAccessor* const, std::function<void ()> const>, std::_Select1st<std::pair<InterruptAccessor* const, std::function<void ()> const> >, std::less<InterruptAccessor* const>, std::allocator<std::pair<InterruptAccessor* const, std::function<void ()> const> > >::_S_key(std::_Rb_tree_node<std::pair<InterruptAccessor* const, std::function<void ()> const> > const*)
 .text._ZNSt8_Rb_treeIKP17InterruptAccessorSt4pairIS2_KSt8functionIFvvEEESt10_Select1stIS8_ESt4lessIS2_ESaIS8_EE14_M_insert_nodeEPSt18_Rb_tree_node_baseSG_PSt13_Rb_tree_nodeIS8_E
                0x08000d4a       0x7a ./Core/Src/main.o
                0x08000d4a                std::_Rb_tree<InterruptAccessor* const, std::pair<InterruptAccessor* const, std::function<void ()> const>, std::_Select1st<std::pair<InterruptAccessor* const, std::function<void ()> const> >, std::less<InterruptAccessor* const>, std::allocator<std::pair<InterruptAccessor* const, std::function<void ()> const> > >::_M_insert_node(std::_Rb_tree_node_base*, std::_Rb_tree_node_base*, std::_Rb_tree_node<std::pair<InterruptAccessor* const, std::function<void ()> const> >*)
 .text._ZNSt4pairISt17_Rb_tree_iteratorIS_IKP17InterruptAccessorKSt8functionIFvvEEEEbEC2IS9_bLb1EEEOT_OT0_
                0x08000dc4       0x32 ./Core/Src/main.o
                0x08000dc4                std::pair<std::_Rb_tree_iterator<std::pair<InterruptAccessor* const, std::function<void ()> const> >, bool>::pair<std::_Rb_tree_iterator<std::pair<InterruptAccessor* const, std::function<void ()> const> >, bool, true>(std::_Rb_tree_iterator<std::pair<InterruptAccessor* const, std::function<void ()> const> >&&, bool&&)
                0x08000dc4                std::pair<std::_Rb_tree_iterator<std::pair<InterruptAccessor* const, std::function<void ()> const> >, bool>::pair<std::_Rb_tree_iterator<std::pair<InterruptAccessor* const, std::function<void ()> const> >, bool, true>(std::_Rb_tree_iterator<std::pair<InterruptAccessor* const, std::function<void ()> const> >&&, bool&&)
 .text._ZNSt8_Rb_treeIKP17InterruptAccessorSt4pairIS2_KSt8functionIFvvEEESt10_Select1stIS8_ESt4lessIS2_ESaIS8_EE12_M_drop_nodeEPSt13_Rb_tree_nodeIS8_E
                0x08000df6       0x22 ./Core/Src/main.o
                0x08000df6                std::_Rb_tree<InterruptAccessor* const, std::pair<InterruptAccessor* const, std::function<void ()> const>, std::_Select1st<std::pair<InterruptAccessor* const, std::function<void ()> const> >, std::less<InterruptAccessor* const>, std::allocator<std::pair<InterruptAccessor* const, std::function<void ()> const> > >::_M_drop_node(std::_Rb_tree_node<std::pair<InterruptAccessor* const, std::function<void ()> const> >*)
 .text._ZNSt17_Rb_tree_iteratorISt4pairIKP17InterruptAccessorKSt8functionIFvvEEEEC2EPSt18_Rb_tree_node_base
                0x08000e18       0x1e ./Core/Src/main.o
                0x08000e18                std::_Rb_tree_iterator<std::pair<InterruptAccessor* const, std::function<void ()> const> >::_Rb_tree_iterator(std::_Rb_tree_node_base*)
                0x08000e18                std::_Rb_tree_iterator<std::pair<InterruptAccessor* const, std::function<void ()> const> >::_Rb_tree_iterator(std::_Rb_tree_node_base*)
 .text._ZNSt8_Rb_treeIKP17InterruptAccessorSt4pairIS2_KSt8functionIFvvEEESt10_Select1stIS8_ESt4lessIS2_ESaIS8_EE11equal_rangeERS2_
                0x08000e36       0xec ./Core/Src/main.o
                0x08000e36                std::_Rb_tree<InterruptAccessor* const, std::pair<InterruptAccessor* const, std::function<void ()> const>, std::_Select1st<std::pair<InterruptAccessor* const, std::function<void ()> const> >, std::less<InterruptAccessor* const>, std::allocator<std::pair<InterruptAccessor* const, std::function<void ()> const> > >::equal_range(InterruptAccessor* const&)
 .text._ZNKSt8_Rb_treeIKP17InterruptAccessorSt4pairIS2_KSt8functionIFvvEEESt10_Select1stIS8_ESt4lessIS2_ESaIS8_EE4sizeEv
                0x08000f22       0x18 ./Core/Src/main.o
                0x08000f22                std::_Rb_tree<InterruptAccessor* const, std::pair<InterruptAccessor* const, std::function<void ()> const>, std::_Select1st<std::pair<InterruptAccessor* const, std::function<void ()> const> >, std::less<InterruptAccessor* const>, std::allocator<std::pair<InterruptAccessor* const, std::function<void ()> const> > >::size() const
 .text._ZNSt23_Rb_tree_const_iteratorISt4pairIKP17InterruptAccessorKSt8functionIFvvEEEEC2ERKSt17_Rb_tree_iteratorIS8_E
                0x08000f3a       0x20 ./Core/Src/main.o
                0x08000f3a                std::_Rb_tree_const_iterator<std::pair<InterruptAccessor* const, std::function<void ()> const> >::_Rb_tree_const_iterator(std::_Rb_tree_iterator<std::pair<InterruptAccessor* const, std::function<void ()> const> > const&)
                0x08000f3a                std::_Rb_tree_const_iterator<std::pair<InterruptAccessor* const, std::function<void ()> const> >::_Rb_tree_const_iterator(std::_Rb_tree_iterator<std::pair<InterruptAccessor* const, std::function<void ()> const> > const&)
 .text._ZNSt8_Rb_treeIKP17InterruptAccessorSt4pairIS2_KSt8functionIFvvEEESt10_Select1stIS8_ESt4lessIS2_ESaIS8_EE12_M_erase_auxESt23_Rb_tree_const_iteratorIS8_ESG_
                0x08000f5a       0xb0 ./Core/Src/main.o
                0x08000f5a                std::_Rb_tree<InterruptAccessor* const, std::pair<InterruptAccessor* const, std::function<void ()> const>, std::_Select1st<std::pair<InterruptAccessor* const, std::function<void ()> const> >, std::less<InterruptAccessor* const>, std::allocator<std::pair<InterruptAccessor* const, std::function<void ()> const> > >::_M_erase_aux(std::_Rb_tree_const_iterator<std::pair<InterruptAccessor* const, std::function<void ()> const> >, std::_Rb_tree_const_iterator<std::pair<InterruptAccessor* const, std::function<void ()> const> >)
 .text._ZNSt14_Function_base13_Base_managerIZ4mainEUlvE_E15_M_init_functorERSt9_Any_dataOS1_St17integral_constantIbLb1EE
                0x0800100a       0x32 ./Core/Src/main.o
 .text._ZNSt14_Function_base13_Base_managerIZ4mainEUlvE_E14_M_get_pointerERKSt9_Any_data
                0x0800103c       0x22 ./Core/Src/main.o
 .text._ZSt10__invoke_rIvRZ4mainEUlvE_JEENSt9enable_ifIXsrSt6__and_IJSt7is_voidIT_ESt14__is_invocableIT0_JDpT1_EEEE5valueES5_E4typeEOS8_DpOS9_
                0x0800105e       0x20 ./Core/Src/main.o
 .text._ZNSt9_Any_data9_M_accessIPZ4mainEUlvE_EERT_v
                0x0800107e       0x18 ./Core/Src/main.o
 .text._ZNSt14_Function_base13_Base_managerIZ4mainEUlvE_E10_M_managerERSt9_Any_dataRKS3_St18_Manager_operation
                0x08001096       0x56 ./Core/Src/main.o
 .text._ZSt4moveIRSt9_Any_dataEONSt16remove_referenceIT_E4typeEOS3_
                0x080010ec       0x16 ./Core/Src/main.o
                0x080010ec                std::remove_reference<std::_Any_data&>::type&& std::move<std::_Any_data&>(std::_Any_data&)
 .text._ZSt4swapISt9_Any_dataENSt9enable_ifIXsrSt6__and_IJSt6__not_ISt15__is_tuple_likeIT_EESt21is_move_constructibleIS5_ESt18is_move_assignableIS5_EEE5valueEvE4typeERS5_SF_
                0x08001102       0x4e ./Core/Src/main.o
                0x08001102                std::enable_if<std::__and_<std::__not_<std::__is_tuple_like<std::_Any_data> >, std::is_move_constructible<std::_Any_data>, std::is_move_assignable<std::_Any_data> >::value, void>::type std::swap<std::_Any_data>(std::_Any_data&, std::_Any_data&)
 .text._ZSt4moveIRPFbRSt9_Any_dataRKS0_St18_Manager_operationEEONSt16remove_referenceIT_E4typeEOS9_
                0x08001150       0x16 ./Core/Src/main.o
                0x08001150                std::remove_reference<bool (*&)(std::_Any_data&, std::_Any_data const&, std::_Manager_operation)>::type&& std::move<bool (*&)(std::_Any_data&, std::_Any_data const&, std::_Manager_operation)>(bool (*&)(std::_Any_data&, std::_Any_data const&, std::_Manager_operation))
 .text._ZSt4swapIPFbRSt9_Any_dataRKS0_St18_Manager_operationEENSt9enable_ifIXsrSt6__and_IJSt6__not_ISt15__is_tuple_likeIT_EESt21is_move_constructibleISB_ESt18is_move_assignableISB_EEE5valueEvE4typeERSB_SL_
                0x08001166       0x3e ./Core/Src/main.o
                0x08001166                std::enable_if<std::__and_<std::__not_<std::__is_tuple_like<bool (*)(std::_Any_data&, std::_Any_data const&, std::_Manager_operation)> >, std::is_move_constructible<bool (*)(std::_Any_data&, std::_Any_data const&, std::_Manager_operation)>, std::is_move_assignable<bool (*)(std::_Any_data&, std::_Any_data const&, std::_Manager_operation)> >::value, void>::type std::swap<bool (*)(std::_Any_data&, std::_Any_data const&, std::_Manager_operation)>(bool (*&)(std::_Any_data&, std::_Any_data const&, std::_Manager_operation), bool (*&)(std::_Any_data&, std::_Any_data const&, std::_Manager_operation))
 .text._ZSt4moveIRPFvRKSt9_Any_dataEEONSt16remove_referenceIT_E4typeEOS7_
                0x080011a4       0x16 ./Core/Src/main.o
                0x080011a4                std::remove_reference<void (*&)(std::_Any_data const&)>::type&& std::move<void (*&)(std::_Any_data const&)>(void (*&)(std::_Any_data const&))
 .text._ZSt4swapIPFvRKSt9_Any_dataEENSt9enable_ifIXsrSt6__and_IJSt6__not_ISt15__is_tuple_likeIT_EESt21is_move_constructibleIS9_ESt18is_move_assignableIS9_EEE5valueEvE4typeERS9_SJ_
                0x080011ba       0x3e ./Core/Src/main.o
                0x080011ba                std::enable_if<std::__and_<std::__not_<std::__is_tuple_like<void (*)(std::_Any_data const&)> >, std::is_move_constructible<void (*)(std::_Any_data const&)>, std::is_move_assignable<void (*)(std::_Any_data const&)> >::value, void>::type std::swap<void (*)(std::_Any_data const&)>(void (*&)(std::_Any_data const&), void (*&)(std::_Any_data const&))
 .text._ZNKSt8functionIFvvEEcvbEv
                0x080011f8       0x20 ./Core/Src/main.o
                0x080011f8                std::function<void ()>::operator bool() const
 .text._ZNSt8_Rb_treeIKP17InterruptAccessorSt4pairIS2_KSt8functionIFvvEEESt10_Select1stIS8_ESt4lessIS2_ESaIS8_EE11_M_get_nodeEv
                0x08001218       0x22 ./Core/Src/main.o
                0x08001218                std::_Rb_tree<InterruptAccessor* const, std::pair<InterruptAccessor* const, std::function<void ()> const>, std::_Select1st<std::pair<InterruptAccessor* const, std::function<void ()> const> >, std::less<InterruptAccessor* const>, std::allocator<std::pair<InterruptAccessor* const, std::function<void ()> const> > >::_M_get_node()
 .text._ZNSt8_Rb_treeIKP17InterruptAccessorSt4pairIS2_KSt8functionIFvvEEESt10_Select1stIS8_ESt4lessIS2_ESaIS8_EE17_M_construct_nodeIJS3_IS1_S6_EEEEvPSt13_Rb_tree_nodeIS8_EDpOT_
                0x0800123a       0x40 ./Core/Src/main.o
                0x0800123a                void std::_Rb_tree<InterruptAccessor* const, std::pair<InterruptAccessor* const, std::function<void ()> const>, std::_Select1st<std::pair<InterruptAccessor* const, std::function<void ()> const> >, std::less<InterruptAccessor* const>, std::allocator<std::pair<InterruptAccessor* const, std::function<void ()> const> > >::_M_construct_node<std::pair<InterruptAccessor*, std::function<void ()> > >(std::_Rb_tree_node<std::pair<InterruptAccessor* const, std::function<void ()> const> >*, std::pair<InterruptAccessor*, std::function<void ()> >&&)
 .text._ZNSt8_Rb_treeIKP17InterruptAccessorSt4pairIS2_KSt8functionIFvvEEESt10_Select1stIS8_ESt4lessIS2_ESaIS8_EE8_M_beginEv
                0x0800127a       0x18 ./Core/Src/main.o
                0x0800127a                std::_Rb_tree<InterruptAccessor* const, std::pair<InterruptAccessor* const, std::function<void ()> const>, std::_Select1st<std::pair<InterruptAccessor* const, std::function<void ()> const> >, std::less<InterruptAccessor* const>, std::allocator<std::pair<InterruptAccessor* const, std::function<void ()> const> > >::_M_begin()
 .text._ZNSt8_Rb_treeIKP17InterruptAccessorSt4pairIS2_KSt8functionIFvvEEESt10_Select1stIS8_ESt4lessIS2_ESaIS8_EE6_M_endEv
                0x08001292       0x18 ./Core/Src/main.o
                0x08001292                std::_Rb_tree<InterruptAccessor* const, std::pair<InterruptAccessor* const, std::function<void ()> const>, std::_Select1st<std::pair<InterruptAccessor* const, std::function<void ()> const> >, std::less<InterruptAccessor* const>, std::allocator<std::pair<InterruptAccessor* const, std::function<void ()> const> > >::_M_end()
 .text._ZNKSt4lessIKP17InterruptAccessorEclERS2_S4_
                0x080012aa       0x2a ./Core/Src/main.o
                0x080012aa                std::less<InterruptAccessor* const>::operator()(InterruptAccessor* const&, InterruptAccessor* const&) const
 .text._ZNSt8_Rb_treeIKP17InterruptAccessorSt4pairIS2_KSt8functionIFvvEEESt10_Select1stIS8_ESt4lessIS2_ESaIS8_EE7_S_leftEPSt18_Rb_tree_node_base
                0x080012d4       0x18 ./Core/Src/main.o
                0x080012d4                std::_Rb_tree<InterruptAccessor* const, std::pair<InterruptAccessor* const, std::function<void ()> const>, std::_Select1st<std::pair<InterruptAccessor* const, std::function<void ()> const> >, std::less<InterruptAccessor* const>, std::allocator<std::pair<InterruptAccessor* const, std::function<void ()> const> > >::_S_left(std::_Rb_tree_node_base*)
 .text._ZNSt8_Rb_treeIKP17InterruptAccessorSt4pairIS2_KSt8functionIFvvEEESt10_Select1stIS8_ESt4lessIS2_ESaIS8_EE8_S_rightEPSt18_Rb_tree_node_base
                0x080012ec       0x18 ./Core/Src/main.o
                0x080012ec                std::_Rb_tree<InterruptAccessor* const, std::pair<InterruptAccessor* const, std::function<void ()> const>, std::_Select1st<std::pair<InterruptAccessor* const, std::function<void ()> const> >, std::less<InterruptAccessor* const>, std::allocator<std::pair<InterruptAccessor* const, std::function<void ()> const> > >::_S_right(std::_Rb_tree_node_base*)
 .text._ZNSt8_Rb_treeIKP17InterruptAccessorSt4pairIS2_KSt8functionIFvvEEESt10_Select1stIS8_ESt4lessIS2_ESaIS8_EE5beginEv
                0x08001304       0x22 ./Core/Src/main.o
                0x08001304                std::_Rb_tree<InterruptAccessor* const, std::pair<InterruptAccessor* const, std::function<void ()> const>, std::_Select1st<std::pair<InterruptAccessor* const, std::function<void ()> const> >, std::less<InterruptAccessor* const>, std::allocator<std::pair<InterruptAccessor* const, std::function<void ()> const> > >::begin()
 .text._ZSteqRKSt17_Rb_tree_iteratorISt4pairIKP17InterruptAccessorKSt8functionIFvvEEEESB_
                0x08001326       0x28 ./Core/Src/main.o
                0x08001326                std::operator==(std::_Rb_tree_iterator<std::pair<InterruptAccessor* const, std::function<void ()> const> > const&, std::_Rb_tree_iterator<std::pair<InterruptAccessor* const, std::function<void ()> const> > const&)
 .text._ZNSt4pairIPSt18_Rb_tree_node_baseS1_EC2IRPSt13_Rb_tree_nodeIS_IKP17InterruptAccessorKSt8functionIFvvEEEERS1_Lb1EEEOT_OT0_
                0x0800134e       0x32 ./Core/Src/main.o
                0x0800134e                std::pair<std::_Rb_tree_node_base*, std::_Rb_tree_node_base*>::pair<std::_Rb_tree_node<std::pair<InterruptAccessor* const, std::function<void ()> const> >*&, std::_Rb_tree_node_base*&, true>(std::_Rb_tree_node<std::pair<InterruptAccessor* const, std::function<void ()> const> >*&, std::_Rb_tree_node_base*&)
                0x0800134e                std::pair<std::_Rb_tree_node_base*, std::_Rb_tree_node_base*>::pair<std::_Rb_tree_node<std::pair<InterruptAccessor* const, std::function<void ()> const> >*&, std::_Rb_tree_node_base*&, true>(std::_Rb_tree_node<std::pair<InterruptAccessor* const, std::function<void ()> const> >*&, std::_Rb_tree_node_base*&)
 .text._ZNSt17_Rb_tree_iteratorISt4pairIKP17InterruptAccessorKSt8functionIFvvEEEEmmEv
                0x08001380       0x22 ./Core/Src/main.o
                0x08001380                std::_Rb_tree_iterator<std::pair<InterruptAccessor* const, std::function<void ()> const> >::operator--()
 .text._ZNSt8_Rb_treeIKP17InterruptAccessorSt4pairIS2_KSt8functionIFvvEEESt10_Select1stIS8_ESt4lessIS2_ESaIS8_EE6_S_keyEPKSt18_Rb_tree_node_base
                0x080013a2       0x18 ./Core/Src/main.o
                0x080013a2                std::_Rb_tree<InterruptAccessor* const, std::pair<InterruptAccessor* const, std::function<void ()> const>, std::_Select1st<std::pair<InterruptAccessor* const, std::function<void ()> const> >, std::less<InterruptAccessor* const>, std::allocator<std::pair<InterruptAccessor* const, std::function<void ()> const> > >::_S_key(std::_Rb_tree_node_base const*)
 .text._ZNSt4pairIPSt18_Rb_tree_node_baseS1_EC2IRS1_Lb1EEEOT_RKS1_
                0x080013ba       0x2c ./Core/Src/main.o
                0x080013ba                std::pair<std::_Rb_tree_node_base*, std::_Rb_tree_node_base*>::pair<std::_Rb_tree_node_base*&, true>(std::_Rb_tree_node_base*&, std::_Rb_tree_node_base* const&)
                0x080013ba                std::pair<std::_Rb_tree_node_base*, std::_Rb_tree_node_base*>::pair<std::_Rb_tree_node_base*&, true>(std::_Rb_tree_node_base*&, std::_Rb_tree_node_base* const&)
 .text._ZNKSt13_Rb_tree_nodeISt4pairIKP17InterruptAccessorKSt8functionIFvvEEEE9_M_valptrEv
                0x080013e6       0x1c ./Core/Src/main.o
                0x080013e6                std::_Rb_tree_node<std::pair<InterruptAccessor* const, std::function<void ()> const> >::_M_valptr() const
 .text._ZNKSt10_Select1stISt4pairIKP17InterruptAccessorKSt8functionIFvvEEEEclERKS8_
                0x08001402       0x18 ./Core/Src/main.o
                0x08001402                std::_Select1st<std::pair<InterruptAccessor* const, std::function<void ()> const> >::operator()(std::pair<InterruptAccessor* const, std::function<void ()> const> const&) const
 .text._ZSt7forwardISt17_Rb_tree_iteratorISt4pairIKP17InterruptAccessorKSt8functionIFvvEEEEEOT_RNSt16remove_referenceISB_E4typeE
                0x0800141a       0x16 ./Core/Src/main.o
                0x0800141a                std::_Rb_tree_iterator<std::pair<InterruptAccessor* const, std::function<void ()> const> >&& std::forward<std::_Rb_tree_iterator<std::pair<InterruptAccessor* const, std::function<void ()> const> > >(std::remove_reference<std::_Rb_tree_iterator<std::pair<InterruptAccessor* const, std::function<void ()> const> > >::type&)
 .text._ZSt7forwardIbEOT_RNSt16remove_referenceIS0_E4typeE
                0x08001430       0x16 ./Core/Src/main.o
                0x08001430                bool&& std::forward<bool>(std::remove_reference<bool>::type&)
 .text._ZNSt8_Rb_treeIKP17InterruptAccessorSt4pairIS2_KSt8functionIFvvEEESt10_Select1stIS8_ESt4lessIS2_ESaIS8_EE15_M_destroy_nodeEPSt13_Rb_tree_nodeIS8_E
                0x08001446       0x2a ./Core/Src/main.o
                0x08001446                std::_Rb_tree<InterruptAccessor* const, std::pair<InterruptAccessor* const, std::function<void ()> const>, std::_Select1st<std::pair<InterruptAccessor* const, std::function<void ()> const> >, std::less<InterruptAccessor* const>, std::allocator<std::pair<InterruptAccessor* const, std::function<void ()> const> > >::_M_destroy_node(std::_Rb_tree_node<std::pair<InterruptAccessor* const, std::function<void ()> const> >*)
 .text._ZNSt8_Rb_treeIKP17InterruptAccessorSt4pairIS2_KSt8functionIFvvEEESt10_Select1stIS8_ESt4lessIS2_ESaIS8_EE11_M_put_nodeEPSt13_Rb_tree_nodeIS8_E
                0x08001470       0x24 ./Core/Src/main.o
                0x08001470                std::_Rb_tree<InterruptAccessor* const, std::pair<InterruptAccessor* const, std::function<void ()> const>, std::_Select1st<std::pair<InterruptAccessor* const, std::function<void ()> const> >, std::less<InterruptAccessor* const>, std::allocator<std::pair<InterruptAccessor* const, std::function<void ()> const> > >::_M_put_node(std::_Rb_tree_node<std::pair<InterruptAccessor* const, std::function<void ()> const> >*)
 .text._ZNSt8_Rb_treeIKP17InterruptAccessorSt4pairIS2_KSt8functionIFvvEEESt10_Select1stIS8_ESt4lessIS2_ESaIS8_EE14_M_lower_boundEPSt13_Rb_tree_nodeIS8_EPSt18_Rb_tree_node_baseRS2_
                0x08001494       0x62 ./Core/Src/main.o
                0x08001494                std::_Rb_tree<InterruptAccessor* const, std::pair<InterruptAccessor* const, std::function<void ()> const>, std::_Select1st<std::pair<InterruptAccessor* const, std::function<void ()> const> >, std::less<InterruptAccessor* const>, std::allocator<std::pair<InterruptAccessor* const, std::function<void ()> const> > >::_M_lower_bound(std::_Rb_tree_node<std::pair<InterruptAccessor* const, std::function<void ()> const> >*, std::_Rb_tree_node_base*, InterruptAccessor* const&)
 .text._ZNSt8_Rb_treeIKP17InterruptAccessorSt4pairIS2_KSt8functionIFvvEEESt10_Select1stIS8_ESt4lessIS2_ESaIS8_EE14_M_upper_boundEPSt13_Rb_tree_nodeIS8_EPSt18_Rb_tree_node_baseRS2_
                0x080014f6       0x5c ./Core/Src/main.o
                0x080014f6                std::_Rb_tree<InterruptAccessor* const, std::pair<InterruptAccessor* const, std::function<void ()> const>, std::_Select1st<std::pair<InterruptAccessor* const, std::function<void ()> const> >, std::less<InterruptAccessor* const>, std::allocator<std::pair<InterruptAccessor* const, std::function<void ()> const> > >::_M_upper_bound(std::_Rb_tree_node<std::pair<InterruptAccessor* const, std::function<void ()> const> >*, std::_Rb_tree_node_base*, InterruptAccessor* const&)
 .text._ZNSt4pairISt17_Rb_tree_iteratorIS_IKP17InterruptAccessorKSt8functionIFvvEEEES9_EC2IS9_S9_Lb1EEEOT_OT0_
                0x08001552       0x32 ./Core/Src/main.o
                0x08001552                std::pair<std::_Rb_tree_iterator<std::pair<InterruptAccessor* const, std::function<void ()> const> >, std::_Rb_tree_iterator<std::pair<InterruptAccessor* const, std::function<void ()> const> > >::pair<std::_Rb_tree_iterator<std::pair<InterruptAccessor* const, std::function<void ()> const> >, std::_Rb_tree_iterator<std::pair<InterruptAccessor* const, std::function<void ()> const> >, true>(std::_Rb_tree_iterator<std::pair<InterruptAccessor* const, std::function<void ()> const> >&&, std::_Rb_tree_iterator<std::pair<InterruptAccessor* const, std::function<void ()> const> >&&)
                0x08001552                std::pair<std::_Rb_tree_iterator<std::pair<InterruptAccessor* const, std::function<void ()> const> >, std::_Rb_tree_iterator<std::pair<InterruptAccessor* const, std::function<void ()> const> > >::pair<std::_Rb_tree_iterator<std::pair<InterruptAccessor* const, std::function<void ()> const> >, std::_Rb_tree_iterator<std::pair<InterruptAccessor* const, std::function<void ()> const> >, true>(std::_Rb_tree_iterator<std::pair<InterruptAccessor* const, std::function<void ()> const> >&&, std::_Rb_tree_iterator<std::pair<InterruptAccessor* const, std::function<void ()> const> >&&)
 .text._ZSteqRKSt23_Rb_tree_const_iteratorISt4pairIKP17InterruptAccessorKSt8functionIFvvEEEESB_
                0x08001584       0x28 ./Core/Src/main.o
                0x08001584                std::operator==(std::_Rb_tree_const_iterator<std::pair<InterruptAccessor* const, std::function<void ()> const> > const&, std::_Rb_tree_const_iterator<std::pair<InterruptAccessor* const, std::function<void ()> const> > const&)
 .text._ZNSt8_Rb_treeIKP17InterruptAccessorSt4pairIS2_KSt8functionIFvvEEESt10_Select1stIS8_ESt4lessIS2_ESaIS8_EE3endEv
                0x080015ac       0x22 ./Core/Src/main.o
                0x080015ac                std::_Rb_tree<InterruptAccessor* const, std::pair<InterruptAccessor* const, std::function<void ()> const>, std::_Select1st<std::pair<InterruptAccessor* const, std::function<void ()> const> >, std::less<InterruptAccessor* const>, std::allocator<std::pair<InterruptAccessor* const, std::function<void ()> const> > >::end()
 .text._ZNSt8_Rb_treeIKP17InterruptAccessorSt4pairIS2_KSt8functionIFvvEEESt10_Select1stIS8_ESt4lessIS2_ESaIS8_EE5clearEv
                0x080015ce       0x2a ./Core/Src/main.o
                0x080015ce                std::_Rb_tree<InterruptAccessor* const, std::pair<InterruptAccessor* const, std::function<void ()> const>, std::_Select1st<std::pair<InterruptAccessor* const, std::function<void ()> const> >, std::less<InterruptAccessor* const>, std::allocator<std::pair<InterruptAccessor* const, std::function<void ()> const> > >::clear()
 .text._ZStneRKSt23_Rb_tree_const_iteratorISt4pairIKP17InterruptAccessorKSt8functionIFvvEEEESB_
                0x080015f8       0x28 ./Core/Src/main.o
                0x080015f8                std::operator!=(std::_Rb_tree_const_iterator<std::pair<InterruptAccessor* const, std::function<void ()> const> > const&, std::_Rb_tree_const_iterator<std::pair<InterruptAccessor* const, std::function<void ()> const> > const&)
 .text._ZNSt23_Rb_tree_const_iteratorISt4pairIKP17InterruptAccessorKSt8functionIFvvEEEEppEi
                0x08001620       0x2a ./Core/Src/main.o
                0x08001620                std::_Rb_tree_const_iterator<std::pair<InterruptAccessor* const, std::function<void ()> const> >::operator++(int)
 .text._ZNSt8_Rb_treeIKP17InterruptAccessorSt4pairIS2_KSt8functionIFvvEEESt10_Select1stIS8_ESt4lessIS2_ESaIS8_EE12_M_erase_auxESt23_Rb_tree_const_iteratorIS8_E
                0x0800164a       0x34 ./Core/Src/main.o
                0x0800164a                std::_Rb_tree<InterruptAccessor* const, std::pair<InterruptAccessor* const, std::function<void ()> const>, std::_Select1st<std::pair<InterruptAccessor* const, std::function<void ()> const> >, std::less<InterruptAccessor* const>, std::allocator<std::pair<InterruptAccessor* const, std::function<void ()> const> > >::_M_erase_aux(std::_Rb_tree_const_iterator<std::pair<InterruptAccessor* const, std::function<void ()> const> >)
 .text._ZNKSt9_Any_data9_M_accessIZ4mainEUlvE_EERKT_v
                0x0800167e       0x18 ./Core/Src/main.o
 .text._ZSt11__addressofIKZ4mainEUlvE_EPT_RS2_
                0x08001696       0x16 ./Core/Src/main.o
 .text._ZSt7forwardIRZ4mainEUlvE_EOT_RNSt16remove_referenceIS2_E4typeE
                0x080016ac       0x16 ./Core/Src/main.o
 .text._ZSt13__invoke_implIvRZ4mainEUlvE_JEET_St14__invoke_otherOT0_DpOT1_
                0x080016c2       0x20 ./Core/Src/main.o
 .text._ZNSt14_Function_base13_Base_managerIZ4mainEUlvE_E8_M_cloneERSt9_Any_dataRKS3_St17integral_constantIbLb1EE
                0x080016e2       0x32 ./Core/Src/main.o
 .text._ZNSt14_Function_base13_Base_managerIZ4mainEUlvE_E10_M_destroyERSt9_Any_dataSt17integral_constantIbLb1EE
                0x08001714       0x18 ./Core/Src/main.o
 .text._ZNSt8_Rb_treeIKP17InterruptAccessorSt4pairIS2_KSt8functionIFvvEEESt10_Select1stIS8_ESt4lessIS2_ESaIS8_EE21_M_get_Node_allocatorEv
                0x0800172c       0x16 ./Core/Src/main.o
                0x0800172c                std::_Rb_tree<InterruptAccessor* const, std::pair<InterruptAccessor* const, std::function<void ()> const>, std::_Select1st<std::pair<InterruptAccessor* const, std::function<void ()> const> >, std::less<InterruptAccessor* const>, std::allocator<std::pair<InterruptAccessor* const, std::function<void ()> const> > >::_M_get_Node_allocator()
 .text._ZNSt16allocator_traitsISaISt13_Rb_tree_nodeISt4pairIKP17InterruptAccessorKSt8functionIFvvEEEEEE8allocateERSB_j
                0x08001742       0x1e ./Core/Src/main.o
                0x08001742                std::allocator_traits<std::allocator<std::_Rb_tree_node<std::pair<InterruptAccessor* const, std::function<void ()> const> > > >::allocate(std::allocator<std::_Rb_tree_node<std::pair<InterruptAccessor* const, std::function<void ()> const> > >&, unsigned int)
 .text._ZNSt13_Rb_tree_nodeISt4pairIKP17InterruptAccessorKSt8functionIFvvEEEE9_M_valptrEv
                0x08001760       0x1c ./Core/Src/main.o
                0x08001760                std::_Rb_tree_node<std::pair<InterruptAccessor* const, std::function<void ()> const> >::_M_valptr()
 .text._ZNSt16allocator_traitsISaISt13_Rb_tree_nodeISt4pairIKP17InterruptAccessorKSt8functionIFvvEEEEEE9constructIS9_JS1_IS3_S7_EEEEvRSB_PT_DpOT0_
                0x0800177c       0x26 ./Core/Src/main.o
                0x0800177c                void std::allocator_traits<std::allocator<std::_Rb_tree_node<std::pair<InterruptAccessor* const, std::function<void ()> const> > > >::construct<std::pair<InterruptAccessor* const, std::function<void ()> const>, std::pair<InterruptAccessor*, std::function<void ()> > >(std::allocator<std::_Rb_tree_node<std::pair<InterruptAccessor* const, std::function<void ()> const> > >&, std::pair<InterruptAccessor* const, std::function<void ()> const>*, std::pair<InterruptAccessor*, std::function<void ()> >&&)
 .text._ZSt7forwardIRPSt13_Rb_tree_nodeISt4pairIKP17InterruptAccessorKSt8functionIFvvEEEEEOT_RNSt16remove_referenceISD_E4typeE
                0x080017a2       0x16 ./Core/Src/main.o
                0x080017a2                std::_Rb_tree_node<std::pair<InterruptAccessor* const, std::function<void ()> const> >*& std::forward<std::_Rb_tree_node<std::pair<InterruptAccessor* const, std::function<void ()> const> >*&>(std::remove_reference<std::_Rb_tree_node<std::pair<InterruptAccessor* const, std::function<void ()> const> >*&>::type&)
 .text._ZSt7forwardIRPSt18_Rb_tree_node_baseEOT_RNSt16remove_referenceIS3_E4typeE
                0x080017b8       0x16 ./Core/Src/main.o
                0x080017b8                std::_Rb_tree_node_base*& std::forward<std::_Rb_tree_node_base*&>(std::remove_reference<std::_Rb_tree_node_base*&>::type&)
 .text._ZNK9__gnu_cxx16__aligned_membufISt4pairIKP17InterruptAccessorKSt8functionIFvvEEEE6_M_ptrEv
                0x080017ce       0x18 ./Core/Src/main.o
                0x080017ce                __gnu_cxx::__aligned_membuf<std::pair<InterruptAccessor* const, std::function<void ()> const> >::_M_ptr() const
 .text._ZNSt16allocator_traitsISaISt13_Rb_tree_nodeISt4pairIKP17InterruptAccessorKSt8functionIFvvEEEEEE7destroyIS9_EEvRSB_PT_
                0x080017e6       0x1a ./Core/Src/main.o
                0x080017e6                void std::allocator_traits<std::allocator<std::_Rb_tree_node<std::pair<InterruptAccessor* const, std::function<void ()> const> > > >::destroy<std::pair<InterruptAccessor* const, std::function<void ()> const> >(std::allocator<std::_Rb_tree_node<std::pair<InterruptAccessor* const, std::function<void ()> const> > >&, std::pair<InterruptAccessor* const, std::function<void ()> const>*)
 .text._ZNSt16allocator_traitsISaISt13_Rb_tree_nodeISt4pairIKP17InterruptAccessorKSt8functionIFvvEEEEEE10deallocateERSB_PSA_j
                0x08001800       0x1e ./Core/Src/main.o
                0x08001800                std::allocator_traits<std::allocator<std::_Rb_tree_node<std::pair<InterruptAccessor* const, std::function<void ()> const> > > >::deallocate(std::allocator<std::_Rb_tree_node<std::pair<InterruptAccessor* const, std::function<void ()> const> > >&, std::_Rb_tree_node<std::pair<InterruptAccessor* const, std::function<void ()> const> >*, unsigned int)
 .text._ZNSt8_Rb_treeIKP17InterruptAccessorSt4pairIS2_KSt8functionIFvvEEESt10_Select1stIS8_ESt4lessIS2_ESaIS8_EE8_M_eraseEPSt13_Rb_tree_nodeIS8_E
                0x0800181e       0x3e ./Core/Src/main.o
                0x0800181e                std::_Rb_tree<InterruptAccessor* const, std::pair<InterruptAccessor* const, std::function<void ()> const>, std::_Select1st<std::pair<InterruptAccessor* const, std::function<void ()> const> >, std::less<InterruptAccessor* const>, std::allocator<std::pair<InterruptAccessor* const, std::function<void ()> const> > >::_M_erase(std::_Rb_tree_node<std::pair<InterruptAccessor* const, std::function<void ()> const> >*)
 .text._ZNSt9_Any_data9_M_accessIZ4mainEUlvE_EERT_v
                0x0800185c       0x18 ./Core/Src/main.o
 .text._ZN9__gnu_cxx13new_allocatorISt13_Rb_tree_nodeISt4pairIKP17InterruptAccessorKSt8functionIFvvEEEEE8allocateEjPKv
                0x08001874       0x42 ./Core/Src/main.o
                0x08001874                __gnu_cxx::new_allocator<std::_Rb_tree_node<std::pair<InterruptAccessor* const, std::function<void ()> const> > >::allocate(unsigned int, void const*)
 .text._ZN9__gnu_cxx16__aligned_membufISt4pairIKP17InterruptAccessorKSt8functionIFvvEEEE6_M_ptrEv
                0x080018b6       0x18 ./Core/Src/main.o
                0x080018b6                __gnu_cxx::__aligned_membuf<std::pair<InterruptAccessor* const, std::function<void ()> const> >::_M_ptr()
 .text._ZN9__gnu_cxx13new_allocatorISt13_Rb_tree_nodeISt4pairIKP17InterruptAccessorKSt8functionIFvvEEEEE9constructISA_JS2_IS4_S8_EEEEvPT_DpOT0_
                0x080018ce       0x30 ./Core/Src/main.o
                0x080018ce                void __gnu_cxx::new_allocator<std::_Rb_tree_node<std::pair<InterruptAccessor* const, std::function<void ()> const> > >::construct<std::pair<InterruptAccessor* const, std::function<void ()> const>, std::pair<InterruptAccessor*, std::function<void ()> > >(std::pair<InterruptAccessor* const, std::function<void ()> const>*, std::pair<InterruptAccessor*, std::function<void ()> >&&)
 .text._ZNK9__gnu_cxx16__aligned_membufISt4pairIKP17InterruptAccessorKSt8functionIFvvEEEE7_M_addrEv
                0x080018fe       0x16 ./Core/Src/main.o
                0x080018fe                __gnu_cxx::__aligned_membuf<std::pair<InterruptAccessor* const, std::function<void ()> const> >::_M_addr() const
 .text._ZNSt4pairIKP17InterruptAccessorKSt8functionIFvvEEED2Ev
                0x08001914       0x1c ./Core/Src/main.o
                0x08001914                std::pair<InterruptAccessor* const, std::function<void ()> const>::~pair()
                0x08001914                std::pair<InterruptAccessor* const, std::function<void ()> const>::~pair()
 .text._ZN9__gnu_cxx13new_allocatorISt13_Rb_tree_nodeISt4pairIKP17InterruptAccessorKSt8functionIFvvEEEEE7destroyISA_EEvPT_
                0x08001930       0x18 ./Core/Src/main.o
                0x08001930                void __gnu_cxx::new_allocator<std::_Rb_tree_node<std::pair<InterruptAccessor* const, std::function<void ()> const> > >::destroy<std::pair<InterruptAccessor* const, std::function<void ()> const> >(std::pair<InterruptAccessor* const, std::function<void ()> const>*)
 .text._ZN9__gnu_cxx13new_allocatorISt13_Rb_tree_nodeISt4pairIKP17InterruptAccessorKSt8functionIFvvEEEEE10deallocateEPSB_j
                0x08001948       0x26 ./Core/Src/main.o
                0x08001948                __gnu_cxx::new_allocator<std::_Rb_tree_node<std::pair<InterruptAccessor* const, std::function<void ()> const> > >::deallocate(std::_Rb_tree_node<std::pair<InterruptAccessor* const, std::function<void ()> const> >*, unsigned int)
 *fill*         0x0800196e        0x2 
 .text._ZNK9__gnu_cxx13new_allocatorISt13_Rb_tree_nodeISt4pairIKP17InterruptAccessorKSt8functionIFvvEEEEE11_M_max_sizeEv
                0x08001970       0x1c ./Core/Src/main.o
                0x08001970                __gnu_cxx::new_allocator<std::_Rb_tree_node<std::pair<InterruptAccessor* const, std::function<void ()> const> > >::_M_max_size() const
 .text._ZN9__gnu_cxx16__aligned_membufISt4pairIKP17InterruptAccessorKSt8functionIFvvEEEE7_M_addrEv
                0x0800198c       0x16 ./Core/Src/main.o
                0x0800198c                __gnu_cxx::__aligned_membuf<std::pair<InterruptAccessor* const, std::function<void ()> const> >::_M_addr()
 .text._ZNSt4pairIKP17InterruptAccessorKSt8functionIFvvEEEC2IS1_S5_Lb1EEEOS_IT_T0_E
                0x080019a2       0x3c ./Core/Src/main.o
                0x080019a2                std::pair<InterruptAccessor* const, std::function<void ()> const>::pair<InterruptAccessor*, std::function<void ()>, true>(std::pair<InterruptAccessor*, std::function<void ()> >&&)
                0x080019a2                std::pair<InterruptAccessor* const, std::function<void ()> const>::pair<InterruptAccessor*, std::function<void ()>, true>(std::pair<InterruptAccessor*, std::function<void ()> >&&)
 .text._ZSt7forwardISt8functionIFvvEEEOT_RNSt16remove_referenceIS3_E4typeE
                0x080019de       0x16 ./Core/Src/main.o
                0x080019de                std::function<void ()>&& std::forward<std::function<void ()> >(std::remove_reference<std::function<void ()> >::type&)
 .text.HAL_MspInit
                0x080019f4       0x48 ./Core/Src/stm32f3xx_hal_msp.o
                0x080019f4                HAL_MspInit
 .text.HAL_TIM_Base_MspInit
                0x08001a3c       0x40 ./Core/Src/stm32f3xx_hal_msp.o
                0x08001a3c                HAL_TIM_Base_MspInit
 .text.HAL_TIM_MspPostInit
                0x08001a7c       0x70 ./Core/Src/stm32f3xx_hal_msp.o
                0x08001a7c                HAL_TIM_MspPostInit
 .text.HAL_UART_MspInit
                0x08001aec       0x98 ./Core/Src/stm32f3xx_hal_msp.o
                0x08001aec                HAL_UART_MspInit
 .text._ZNSt15_Rb_tree_headerC2Ev
                0x08001b84       0x1e ./Core/Src/stm32f3xx_it.o
                0x08001b84                std::_Rb_tree_header::_Rb_tree_header()
                0x08001b84                std::_Rb_tree_header::_Rb_tree_header()
 .text._ZNSt8_Rb_treeIKP17InterruptAccessorSt4pairIS2_KSt8functionIFvvEEESt10_Select1stIS8_ESt4lessIS2_ESaIS8_EE13_Rb_tree_implISC_Lb1EED2Ev
                0x08001ba2       0x18 ./Core/Src/stm32f3xx_it.o
                0x08001ba2                std::_Rb_tree<InterruptAccessor* const, std::pair<InterruptAccessor* const, std::function<void ()> const>, std::_Select1st<std::pair<InterruptAccessor* const, std::function<void ()> const> >, std::less<InterruptAccessor* const>, std::allocator<std::pair<InterruptAccessor* const, std::function<void ()> const> > >::_Rb_tree_impl<std::less<InterruptAccessor* const>, true>::~_Rb_tree_impl()
                0x08001ba2                std::_Rb_tree<InterruptAccessor* const, std::pair<InterruptAccessor* const, std::function<void ()> const>, std::_Select1st<std::pair<InterruptAccessor* const, std::function<void ()> const> >, std::less<InterruptAccessor* const>, std::allocator<std::pair<InterruptAccessor* const, std::function<void ()> const> > >::_Rb_tree_impl<std::less<InterruptAccessor* const>, true>::~_Rb_tree_impl()
 .text._ZNSt8_Rb_treeIKP17InterruptAccessorSt4pairIS2_KSt8functionIFvvEEESt10_Select1stIS8_ESt4lessIS2_ESaIS8_EEC2Ev
                0x08001bba       0x1a ./Core/Src/stm32f3xx_it.o
                0x08001bba                std::_Rb_tree<InterruptAccessor* const, std::pair<InterruptAccessor* const, std::function<void ()> const>, std::_Select1st<std::pair<InterruptAccessor* const, std::function<void ()> const> >, std::less<InterruptAccessor* const>, std::allocator<std::pair<InterruptAccessor* const, std::function<void ()> const> > >::_Rb_tree()
                0x08001bba                std::_Rb_tree<InterruptAccessor* const, std::pair<InterruptAccessor* const, std::function<void ()> const>, std::_Select1st<std::pair<InterruptAccessor* const, std::function<void ()> const> >, std::less<InterruptAccessor* const>, std::allocator<std::pair<InterruptAccessor* const, std::function<void ()> const> > >::_Rb_tree()
 .text._ZNSt3mapIKP17InterruptAccessorKSt8functionIFvvEESt4lessIS2_ESaISt4pairIS2_S6_EEEC2Ev
                0x08001bd4       0x1a ./Core/Src/stm32f3xx_it.o
                0x08001bd4                std::map<InterruptAccessor* const, std::function<void ()> const, std::less<InterruptAccessor* const>, std::allocator<std::pair<InterruptAccessor* const, std::function<void ()> const> > >::map()
                0x08001bd4                std::map<InterruptAccessor* const, std::function<void ()> const, std::less<InterruptAccessor* const>, std::allocator<std::pair<InterruptAccessor* const, std::function<void ()> const> > >::map()
 .text.NMI_Handler
                0x08001bee        0x6 ./Core/Src/stm32f3xx_it.o
                0x08001bee                NMI_Handler
 .text.HardFault_Handler
                0x08001bf4        0x6 ./Core/Src/stm32f3xx_it.o
                0x08001bf4                HardFault_Handler
 .text.MemManage_Handler
                0x08001bfa        0x6 ./Core/Src/stm32f3xx_it.o
                0x08001bfa                MemManage_Handler
 .text.BusFault_Handler
                0x08001c00        0x6 ./Core/Src/stm32f3xx_it.o
                0x08001c00                BusFault_Handler
 .text.UsageFault_Handler
                0x08001c06        0x6 ./Core/Src/stm32f3xx_it.o
                0x08001c06                UsageFault_Handler
 .text.SVC_Handler
                0x08001c0c        0xe ./Core/Src/stm32f3xx_it.o
                0x08001c0c                SVC_Handler
 .text.DebugMon_Handler
                0x08001c1a        0xe ./Core/Src/stm32f3xx_it.o
                0x08001c1a                DebugMon_Handler
 .text.PendSV_Handler
                0x08001c28        0xe ./Core/Src/stm32f3xx_it.o
                0x08001c28                PendSV_Handler
 .text._ZNSt4pairIKP17InterruptAccessorKSt8functionIFvvEEEC2ERKS7_
                0x08001c36       0x2c ./Core/Src/stm32f3xx_it.o
                0x08001c36                std::pair<InterruptAccessor* const, std::function<void ()> const>::pair(std::pair<InterruptAccessor* const, std::function<void ()> const> const&)
                0x08001c36                std::pair<InterruptAccessor* const, std::function<void ()> const>::pair(std::pair<InterruptAccessor* const, std::function<void ()> const> const&)
 *fill*         0x08001c62        0x2 
 .text.SysTick_Handler
                0x08001c64       0x78 ./Core/Src/stm32f3xx_it.o
                0x08001c64                SysTick_Handler
 .text.USART1_IRQHandler
                0x08001cdc       0x14 ./Core/Src/stm32f3xx_it.o
                0x08001cdc                USART1_IRQHandler
 .text._ZNSt8_Rb_treeIKP17InterruptAccessorSt4pairIS2_KSt8functionIFvvEEESt10_Select1stIS8_ESt4lessIS2_ESaIS8_EE13_Rb_tree_implISC_Lb1EEC2Ev
                0x08001cf0       0x2a ./Core/Src/stm32f3xx_it.o
                0x08001cf0                std::_Rb_tree<InterruptAccessor* const, std::pair<InterruptAccessor* const, std::function<void ()> const>, std::_Select1st<std::pair<InterruptAccessor* const, std::function<void ()> const> >, std::less<InterruptAccessor* const>, std::allocator<std::pair<InterruptAccessor* const, std::function<void ()> const> > >::_Rb_tree_impl<std::less<InterruptAccessor* const>, true>::_Rb_tree_impl()
                0x08001cf0                std::_Rb_tree<InterruptAccessor* const, std::pair<InterruptAccessor* const, std::function<void ()> const>, std::_Select1st<std::pair<InterruptAccessor* const, std::function<void ()> const> >, std::less<InterruptAccessor* const>, std::allocator<std::pair<InterruptAccessor* const, std::function<void ()> const> > >::_Rb_tree_impl<std::less<InterruptAccessor* const>, true>::_Rb_tree_impl()
 .text._ZNSaISt13_Rb_tree_nodeISt4pairIKP17InterruptAccessorKSt8functionIFvvEEEEED2Ev
                0x08001d1a       0x18 ./Core/Src/stm32f3xx_it.o
                0x08001d1a                std::allocator<std::_Rb_tree_node<std::pair<InterruptAccessor* const, std::function<void ()> const> > >::~allocator()
                0x08001d1a                std::allocator<std::_Rb_tree_node<std::pair<InterruptAccessor* const, std::function<void ()> const> > >::~allocator()
 .text._ZNSt8_Rb_treeIKP17InterruptAccessorSt4pairIS2_KSt8functionIFvvEEESt10_Select1stIS8_ESt4lessIS2_ESaIS8_EED2Ev
                0x08001d32       0x2a ./Core/Src/stm32f3xx_it.o
                0x08001d32                std::_Rb_tree<InterruptAccessor* const, std::pair<InterruptAccessor* const, std::function<void ()> const>, std::_Select1st<std::pair<InterruptAccessor* const, std::function<void ()> const> >, std::less<InterruptAccessor* const>, std::allocator<std::pair<InterruptAccessor* const, std::function<void ()> const> > >::~_Rb_tree()
                0x08001d32                std::_Rb_tree<InterruptAccessor* const, std::pair<InterruptAccessor* const, std::function<void ()> const>, std::_Select1st<std::pair<InterruptAccessor* const, std::function<void ()> const> >, std::less<InterruptAccessor* const>, std::allocator<std::pair<InterruptAccessor* const, std::function<void ()> const> > >::~_Rb_tree()
 .text._ZNSt3mapIKP17InterruptAccessorKSt8functionIFvvEESt4lessIS2_ESaISt4pairIS2_S6_EEE5beginEv
                0x08001d5c       0x1a ./Core/Src/stm32f3xx_it.o
                0x08001d5c                std::map<InterruptAccessor* const, std::function<void ()> const, std::less<InterruptAccessor* const>, std::allocator<std::pair<InterruptAccessor* const, std::function<void ()> const> > >::begin()
 .text._ZNSt3mapIKP17InterruptAccessorKSt8functionIFvvEESt4lessIS2_ESaISt4pairIS2_S6_EEE3endEv
                0x08001d76       0x1a ./Core/Src/stm32f3xx_it.o
                0x08001d76                std::map<InterruptAccessor* const, std::function<void ()> const, std::less<InterruptAccessor* const>, std::allocator<std::pair<InterruptAccessor* const, std::function<void ()> const> > >::end()
 .text._ZStneRKSt17_Rb_tree_iteratorISt4pairIKP17InterruptAccessorKSt8functionIFvvEEEESB_
                0x08001d90       0x28 ./Core/Src/stm32f3xx_it.o
                0x08001d90                std::operator!=(std::_Rb_tree_iterator<std::pair<InterruptAccessor* const, std::function<void ()> const> > const&, std::_Rb_tree_iterator<std::pair<InterruptAccessor* const, std::function<void ()> const> > const&)
 .text._ZNSt17_Rb_tree_iteratorISt4pairIKP17InterruptAccessorKSt8functionIFvvEEEEppEv
                0x08001db8       0x22 ./Core/Src/stm32f3xx_it.o
                0x08001db8                std::_Rb_tree_iterator<std::pair<InterruptAccessor* const, std::function<void ()> const> >::operator++()
 .text._ZNKSt17_Rb_tree_iteratorISt4pairIKP17InterruptAccessorKSt8functionIFvvEEEEdeEv
                0x08001dda       0x1c ./Core/Src/stm32f3xx_it.o
                0x08001dda                std::_Rb_tree_iterator<std::pair<InterruptAccessor* const, std::function<void ()> const> >::operator*() const
 .text._ZNKSt8functionIFvvEEclEv
                0x08001df6       0x2c ./Core/Src/stm32f3xx_it.o
                0x08001df6                std::function<void ()>::operator()() const
 .text._ZNSaISt13_Rb_tree_nodeISt4pairIKP17InterruptAccessorKSt8functionIFvvEEEEEC2Ev
                0x08001e22       0x18 ./Core/Src/stm32f3xx_it.o
                0x08001e22                std::allocator<std::_Rb_tree_node<std::pair<InterruptAccessor* const, std::function<void ()> const> > >::allocator()
                0x08001e22                std::allocator<std::_Rb_tree_node<std::pair<InterruptAccessor* const, std::function<void ()> const> > >::allocator()
 .text._ZNSt20_Rb_tree_key_compareISt4lessIKP17InterruptAccessorEEC2Ev
                0x08001e3a       0x16 ./Core/Src/stm32f3xx_it.o
                0x08001e3a                std::_Rb_tree_key_compare<std::less<InterruptAccessor* const> >::_Rb_tree_key_compare()
                0x08001e3a                std::_Rb_tree_key_compare<std::less<InterruptAccessor* const> >::_Rb_tree_key_compare()
 .text._ZN9__gnu_cxx13new_allocatorISt13_Rb_tree_nodeISt4pairIKP17InterruptAccessorKSt8functionIFvvEEEEED2Ev
                0x08001e50       0x16 ./Core/Src/stm32f3xx_it.o
                0x08001e50                __gnu_cxx::new_allocator<std::_Rb_tree_node<std::pair<InterruptAccessor* const, std::function<void ()> const> > >::~new_allocator()
                0x08001e50                __gnu_cxx::new_allocator<std::_Rb_tree_node<std::pair<InterruptAccessor* const, std::function<void ()> const> > >::~new_allocator()
 .text._ZN9__gnu_cxx13new_allocatorISt13_Rb_tree_nodeISt4pairIKP17InterruptAccessorKSt8functionIFvvEEEEEC2Ev
                0x08001e66       0x16 ./Core/Src/stm32f3xx_it.o
                0x08001e66                __gnu_cxx::new_allocator<std::_Rb_tree_node<std::pair<InterruptAccessor* const, std::function<void ()> const> > >::new_allocator()
                0x08001e66                __gnu_cxx::new_allocator<std::_Rb_tree_node<std::pair<InterruptAccessor* const, std::function<void ()> const> > >::new_allocator()
 .text._ZNSt3mapIKP17InterruptAccessorKSt8functionIFvvEESt4lessIS2_ESaISt4pairIS2_S6_EEED2Ev
                0x08001e7c       0x1a ./Core/Src/stm32f3xx_it.o
                0x08001e7c                std::map<InterruptAccessor* const, std::function<void ()> const, std::less<InterruptAccessor* const>, std::allocator<std::pair<InterruptAccessor* const, std::function<void ()> const> > >::~map()
                0x08001e7c                std::map<InterruptAccessor* const, std::function<void ()> const, std::less<InterruptAccessor* const>, std::allocator<std::pair<InterruptAccessor* const, std::function<void ()> const> > >::~map()
 *fill*         0x08001e96        0x2 
 .text._Z41__static_initialization_and_destruction_0ii
                0x08001e98       0x44 ./Core/Src/stm32f3xx_it.o
 .text._GLOBAL__sub_I_SysTick_Accessor
                0x08001edc       0x10 ./Core/Src/stm32f3xx_it.o
 .text._GLOBAL__sub_D_SysTick_Accessor
                0x08001eec       0x10 ./Core/Src/stm32f3xx_it.o
 .text._getpid  0x08001efc       0x10 ./Core/Src/syscalls.o
                0x08001efc                _getpid
 .text._kill    0x08001f0c       0x20 ./Core/Src/syscalls.o
                0x08001f0c                _kill
 .text._exit    0x08001f2c       0x14 ./Core/Src/syscalls.o
                0x08001f2c                _exit
 .text._sbrk    0x08001f40       0x6c ./Core/Src/sysmem.o
                0x08001f40                _sbrk
 .text.SystemInit
                0x08001fac       0x24 ./Core/Src/system_stm32f3xx.o
                0x08001fac                SystemInit
 .text.Reset_Handler
                0x08001fd0       0x50 ./Core/Startup/startup_stm32f303k8tx.o
                0x08001fd0                Reset_Handler
 .text.Default_Handler
                0x08002020        0x2 ./Core/Startup/startup_stm32f303k8tx.o
                0x08002020                RTC_Alarm_IRQHandler
                0x08002020                TIM1_CC_IRQHandler
                0x08002020                PVD_IRQHandler
                0x08002020                TAMP_STAMP_IRQHandler
                0x08002020                EXTI3_IRQHandler
                0x08002020                EXTI0_IRQHandler
                0x08002020                FPU_IRQHandler
                0x08002020                CAN_TX_IRQHandler
                0x08002020                TIM1_UP_TIM16_IRQHandler
                0x08002020                ADC1_2_IRQHandler
                0x08002020                SPI1_IRQHandler
                0x08002020                CAN_SCE_IRQHandler
                0x08002020                DMA1_Channel4_IRQHandler
                0x08002020                USART3_IRQHandler
                0x08002020                DMA1_Channel7_IRQHandler
                0x08002020                TIM7_DAC2_IRQHandler
                0x08002020                CAN_RX1_IRQHandler
                0x08002020                I2C1_EV_IRQHandler
                0x08002020                DMA1_Channel6_IRQHandler
                0x08002020                TIM3_IRQHandler
                0x08002020                RCC_IRQHandler
                0x08002020                DMA1_Channel1_IRQHandler
                0x08002020                Default_Handler
                0x08002020                EXTI15_10_IRQHandler
                0x08002020                COMP2_IRQHandler
                0x08002020                TIM6_DAC1_IRQHandler
                0x08002020                EXTI9_5_IRQHandler
                0x08002020                RTC_WKUP_IRQHandler
                0x08002020                DMA1_Channel5_IRQHandler
                0x08002020                EXTI4_IRQHandler
                0x08002020                TIM1_TRG_COM_TIM17_IRQHandler
                0x08002020                DMA1_Channel3_IRQHandler
                0x08002020                WWDG_IRQHandler
                0x08002020                TIM2_IRQHandler
                0x08002020                EXTI1_IRQHandler
                0x08002020                COMP4_6_IRQHandler
                0x08002020                USART2_IRQHandler
                0x08002020                DMA1_Channel2_IRQHandler
                0x08002020                FLASH_IRQHandler
                0x08002020                CAN_RX0_IRQHandler
                0x08002020                I2C1_ER_IRQHandler
                0x08002020                EXTI2_TSC_IRQHandler
                0x08002020                TIM1_BRK_TIM15_IRQHandler
 *fill*         0x08002022        0x2 
 .text.HAL_Init
                0x08002024       0x2c ./Drivers/STM32F3xx_HAL_Driver/Src/stm32f3xx_hal.o
                0x08002024                HAL_Init
 .text.HAL_InitTick
                0x08002050       0x60 ./Drivers/STM32F3xx_HAL_Driver/Src/stm32f3xx_hal.o
                0x08002050                HAL_InitTick
 .text.HAL_IncTick
                0x080020b0       0x28 ./Drivers/STM32F3xx_HAL_Driver/Src/stm32f3xx_hal.o
                0x080020b0                HAL_IncTick
 .text.HAL_GetTick
                0x080020d8       0x18 ./Drivers/STM32F3xx_HAL_Driver/Src/stm32f3xx_hal.o
                0x080020d8                HAL_GetTick
 .text.__NVIC_SetPriorityGrouping
                0x080020f0       0x48 ./Drivers/STM32F3xx_HAL_Driver/Src/stm32f3xx_hal_cortex.o
 .text.__NVIC_GetPriorityGrouping
                0x08002138       0x1c ./Drivers/STM32F3xx_HAL_Driver/Src/stm32f3xx_hal_cortex.o
 .text.__NVIC_EnableIRQ
                0x08002154       0x3c ./Drivers/STM32F3xx_HAL_Driver/Src/stm32f3xx_hal_cortex.o
 .text.__NVIC_SetPriority
                0x08002190       0x54 ./Drivers/STM32F3xx_HAL_Driver/Src/stm32f3xx_hal_cortex.o
 .text.NVIC_EncodePriority
                0x080021e4       0x66 ./Drivers/STM32F3xx_HAL_Driver/Src/stm32f3xx_hal_cortex.o
 *fill*         0x0800224a        0x2 
 .text.SysTick_Config
                0x0800224c       0x44 ./Drivers/STM32F3xx_HAL_Driver/Src/stm32f3xx_hal_cortex.o
 .text.HAL_NVIC_SetPriorityGrouping
                0x08002290       0x16 ./Drivers/STM32F3xx_HAL_Driver/Src/stm32f3xx_hal_cortex.o
                0x08002290                HAL_NVIC_SetPriorityGrouping
 .text.HAL_NVIC_SetPriority
                0x080022a6       0x38 ./Drivers/STM32F3xx_HAL_Driver/Src/stm32f3xx_hal_cortex.o
                0x080022a6                HAL_NVIC_SetPriority
 .text.HAL_NVIC_EnableIRQ
                0x080022de       0x1c ./Drivers/STM32F3xx_HAL_Driver/Src/stm32f3xx_hal_cortex.o
                0x080022de                HAL_NVIC_EnableIRQ
 .text.HAL_SYSTICK_Config
                0x080022fa       0x18 ./Drivers/STM32F3xx_HAL_Driver/Src/stm32f3xx_hal_cortex.o
                0x080022fa                HAL_SYSTICK_Config
 .text.HAL_DMA_Abort
                0x08002312       0x72 ./Drivers/STM32F3xx_HAL_Driver/Src/stm32f3xx_hal_dma.o
                0x08002312                HAL_DMA_Abort
 .text.HAL_DMA_Abort_IT
                0x08002384       0x7c ./Drivers/STM32F3xx_HAL_Driver/Src/stm32f3xx_hal_dma.o
                0x08002384                HAL_DMA_Abort_IT
 .text.HAL_GPIO_Init
                0x08002400      0x2e4 ./Drivers/STM32F3xx_HAL_Driver/Src/stm32f3xx_hal_gpio.o
                0x08002400                HAL_GPIO_Init
 .text.HAL_RCC_OscConfig
                0x080026e4     0x107c ./Drivers/STM32F3xx_HAL_Driver/Src/stm32f3xx_hal_rcc.o
                0x080026e4                HAL_RCC_OscConfig
 .text.HAL_RCC_ClockConfig
                0x08003760      0x2f8 ./Drivers/STM32F3xx_HAL_Driver/Src/stm32f3xx_hal_rcc.o
                0x08003760                HAL_RCC_ClockConfig
 .text.HAL_RCC_GetSysClockFreq
                0x08003a58       0xd4 ./Drivers/STM32F3xx_HAL_Driver/Src/stm32f3xx_hal_rcc.o
                0x08003a58                HAL_RCC_GetSysClockFreq
 .text.HAL_RCC_GetHCLKFreq
                0x08003b2c       0x18 ./Drivers/STM32F3xx_HAL_Driver/Src/stm32f3xx_hal_rcc.o
                0x08003b2c                HAL_RCC_GetHCLKFreq
 .text.HAL_RCC_GetPCLK1Freq
                0x08003b44       0x44 ./Drivers/STM32F3xx_HAL_Driver/Src/stm32f3xx_hal_rcc.o
                0x08003b44                HAL_RCC_GetPCLK1Freq
 .text.HAL_RCC_GetPCLK2Freq
                0x08003b88       0x44 ./Drivers/STM32F3xx_HAL_Driver/Src/stm32f3xx_hal_rcc.o
                0x08003b88                HAL_RCC_GetPCLK2Freq
 .text.HAL_RCCEx_PeriphCLKConfig
                0x08003bcc      0x24c ./Drivers/STM32F3xx_HAL_Driver/Src/stm32f3xx_hal_rcc_ex.o
                0x08003bcc                HAL_RCCEx_PeriphCLKConfig
 .text.HAL_TIM_Base_Init
                0x08003e18       0xae ./Drivers/STM32F3xx_HAL_Driver/Src/stm32f3xx_hal_tim.o
                0x08003e18                HAL_TIM_Base_Init
 .text.HAL_TIM_PWM_Init
                0x08003ec6       0xae ./Drivers/STM32F3xx_HAL_Driver/Src/stm32f3xx_hal_tim.o
                0x08003ec6                HAL_TIM_PWM_Init
 .text.HAL_TIM_PWM_MspInit
                0x08003f74       0x14 ./Drivers/STM32F3xx_HAL_Driver/Src/stm32f3xx_hal_tim.o
                0x08003f74                HAL_TIM_PWM_MspInit
 .text.HAL_TIM_PWM_Start
                0x08003f88      0x1d8 ./Drivers/STM32F3xx_HAL_Driver/Src/stm32f3xx_hal_tim.o
                0x08003f88                HAL_TIM_PWM_Start
 .text.HAL_TIM_PWM_ConfigChannel
                0x08004160      0x228 ./Drivers/STM32F3xx_HAL_Driver/Src/stm32f3xx_hal_tim.o
                0x08004160                HAL_TIM_PWM_ConfigChannel
 .text.HAL_TIM_ConfigClockSource
                0x08004388      0x192 ./Drivers/STM32F3xx_HAL_Driver/Src/stm32f3xx_hal_tim.o
                0x08004388                HAL_TIM_ConfigClockSource
 *fill*         0x0800451a        0x2 
 .text.TIM_Base_SetConfig
                0x0800451c       0xf0 ./Drivers/STM32F3xx_HAL_Driver/Src/stm32f3xx_hal_tim.o
                0x0800451c                TIM_Base_SetConfig
 .text.TIM_OC1_SetConfig
                0x0800460c      0x10c ./Drivers/STM32F3xx_HAL_Driver/Src/stm32f3xx_hal_tim.o
 .text.TIM_OC2_SetConfig
                0x08004718      0x100 ./Drivers/STM32F3xx_HAL_Driver/Src/stm32f3xx_hal_tim.o
                0x08004718                TIM_OC2_SetConfig
 .text.TIM_OC3_SetConfig
                0x08004818       0xfc ./Drivers/STM32F3xx_HAL_Driver/Src/stm32f3xx_hal_tim.o
 .text.TIM_OC4_SetConfig
                0x08004914       0xc8 ./Drivers/STM32F3xx_HAL_Driver/Src/stm32f3xx_hal_tim.o
 .text.TIM_OC5_SetConfig
                0x080049dc       0xbc ./Drivers/STM32F3xx_HAL_Driver/Src/stm32f3xx_hal_tim.o
 .text.TIM_OC6_SetConfig
                0x08004a98       0xc0 ./Drivers/STM32F3xx_HAL_Driver/Src/stm32f3xx_hal_tim.o
 .text.TIM_TI1_ConfigInputStage
                0x08004b58       0x5e ./Drivers/STM32F3xx_HAL_Driver/Src/stm32f3xx_hal_tim.o
 .text.TIM_TI2_ConfigInputStage
                0x08004bb6       0x60 ./Drivers/STM32F3xx_HAL_Driver/Src/stm32f3xx_hal_tim.o
 .text.TIM_ITRx_SetConfig
                0x08004c16       0x36 ./Drivers/STM32F3xx_HAL_Driver/Src/stm32f3xx_hal_tim.o
 .text.TIM_ETR_SetConfig
                0x08004c4c       0x40 ./Drivers/STM32F3xx_HAL_Driver/Src/stm32f3xx_hal_tim.o
                0x08004c4c                TIM_ETR_SetConfig
 .text.TIM_CCxChannelCmd
                0x08004c8c       0x4a ./Drivers/STM32F3xx_HAL_Driver/Src/stm32f3xx_hal_tim.o
                0x08004c8c                TIM_CCxChannelCmd
 *fill*         0x08004cd6        0x2 
 .text.HAL_TIMEx_MasterConfigSynchronization
                0x08004cd8       0xdc ./Drivers/STM32F3xx_HAL_Driver/Src/stm32f3xx_hal_tim_ex.o
                0x08004cd8                HAL_TIMEx_MasterConfigSynchronization
 .text.HAL_TIMEx_ConfigBreakDeadTime
                0x08004db4       0xf0 ./Drivers/STM32F3xx_HAL_Driver/Src/stm32f3xx_hal_tim_ex.o
                0x08004db4                HAL_TIMEx_ConfigBreakDeadTime
 .text.HAL_UART_Init
                0x08004ea4       0x9c ./Drivers/STM32F3xx_HAL_Driver/Src/stm32f3xx_hal_uart.o
                0x08004ea4                HAL_UART_Init
 .text.HAL_UART_IRQHandler
                0x08004f40      0x5bc ./Drivers/STM32F3xx_HAL_Driver/Src/stm32f3xx_hal_uart.o
                0x08004f40                HAL_UART_IRQHandler
 .text.HAL_UART_TxCpltCallback
                0x080054fc       0x14 ./Drivers/STM32F3xx_HAL_Driver/Src/stm32f3xx_hal_uart.o
                0x080054fc                HAL_UART_TxCpltCallback
 .text.HAL_UART_ErrorCallback
                0x08005510       0x14 ./Drivers/STM32F3xx_HAL_Driver/Src/stm32f3xx_hal_uart.o
                0x08005510                HAL_UART_ErrorCallback
 .text.HAL_UARTEx_RxEventCallback
                0x08005524       0x18 ./Drivers/STM32F3xx_HAL_Driver/Src/stm32f3xx_hal_uart.o
                0x08005524                HAL_UARTEx_RxEventCallback
 .text.UART_SetConfig
                0x0800553c      0x26c ./Drivers/STM32F3xx_HAL_Driver/Src/stm32f3xx_hal_uart.o
                0x0800553c                UART_SetConfig
 .text.UART_AdvFeatureConfig
                0x080057a8      0x144 ./Drivers/STM32F3xx_HAL_Driver/Src/stm32f3xx_hal_uart.o
                0x080057a8                UART_AdvFeatureConfig
 .text.UART_CheckIdleState
                0x080058ec       0x92 ./Drivers/STM32F3xx_HAL_Driver/Src/stm32f3xx_hal_uart.o
                0x080058ec                UART_CheckIdleState
 .text.UART_WaitOnFlagUntilTimeout
                0x0800597e      0x188 ./Drivers/STM32F3xx_HAL_Driver/Src/stm32f3xx_hal_uart.o
                0x0800597e                UART_WaitOnFlagUntilTimeout
 .text.UART_EndRxTransfer
                0x08005b06       0xc6 ./Drivers/STM32F3xx_HAL_Driver/Src/stm32f3xx_hal_uart.o
 .text.UART_DMAAbortOnError
                0x08005bcc       0x2c ./Drivers/STM32F3xx_HAL_Driver/Src/stm32f3xx_hal_uart.o
 .text.UART_EndTransmit_IT
                0x08005bf8       0x54 ./Drivers/STM32F3xx_HAL_Driver/Src/stm32f3xx_hal_uart.o
 .text.HAL_UARTEx_WakeupCallback
                0x08005c4c       0x14 ./Drivers/STM32F3xx_HAL_Driver/Src/stm32f3xx_hal_uart_ex.o
                0x08005c4c                HAL_UARTEx_WakeupCallback
 .text._ZdlPvj  0x08005c60        0x4 c:/st/stm32cubeide_1.8.0/stm32cubeide/plugins/gcc-arm-none-eabi-10.3-2021.10/bin/../lib/gcc/arm-none-eabi/10.3.1/../../../../arm-none-eabi/lib/thumb/v7e-m+fp/hard\libstdc++_nano.a(del_ops.o)
                0x08005c60                operator delete(void*, unsigned int)
 .text._Znwj    0x08005c64       0x22 c:/st/stm32cubeide_1.8.0/stm32cubeide/plugins/gcc-arm-none-eabi-10.3-2021.10/bin/../lib/gcc/arm-none-eabi/10.3.1/../../../../arm-none-eabi/lib/thumb/v7e-m+fp/hard\libstdc++_nano.a(new_op.o)
                0x08005c64                operator new(unsigned int)
 .text._ZStL25local_Rb_tree_rotate_leftPSt18_Rb_tree_node_baseRS0_
                0x08005c86       0x2a c:/st/stm32cubeide_1.8.0/stm32cubeide/plugins/gcc-arm-none-eabi-10.3-2021.10/bin/../lib/gcc/arm-none-eabi/10.3.1/../../../../arm-none-eabi/lib/thumb/v7e-m+fp/hard\libstdc++_nano.a(tree.o)
 .text._ZStL26local_Rb_tree_rotate_rightPSt18_Rb_tree_node_baseRS0_
                0x08005cb0       0x2a c:/st/stm32cubeide_1.8.0/stm32cubeide/plugins/gcc-arm-none-eabi-10.3-2021.10/bin/../lib/gcc/arm-none-eabi/10.3.1/../../../../arm-none-eabi/lib/thumb/v7e-m+fp/hard\libstdc++_nano.a(tree.o)
 .text._ZStL23local_Rb_tree_incrementPSt18_Rb_tree_node_base
                0x08005cda       0x26 c:/st/stm32cubeide_1.8.0/stm32cubeide/plugins/gcc-arm-none-eabi-10.3-2021.10/bin/../lib/gcc/arm-none-eabi/10.3.1/../../../../arm-none-eabi/lib/thumb/v7e-m+fp/hard\libstdc++_nano.a(tree.o)
 .text._ZStL23local_Rb_tree_decrementPSt18_Rb_tree_node_base
                0x08005d00       0x2e c:/st/stm32cubeide_1.8.0/stm32cubeide/plugins/gcc-arm-none-eabi-10.3-2021.10/bin/../lib/gcc/arm-none-eabi/10.3.1/../../../../arm-none-eabi/lib/thumb/v7e-m+fp/hard\libstdc++_nano.a(tree.o)
 .text._ZSt18_Rb_tree_incrementPSt18_Rb_tree_node_base
                0x08005d2e        0x4 c:/st/stm32cubeide_1.8.0/stm32cubeide/plugins/gcc-arm-none-eabi-10.3-2021.10/bin/../lib/gcc/arm-none-eabi/10.3.1/../../../../arm-none-eabi/lib/thumb/v7e-m+fp/hard\libstdc++_nano.a(tree.o)
                0x08005d2e                std::_Rb_tree_increment(std::_Rb_tree_node_base*)
 .text._ZSt18_Rb_tree_incrementPKSt18_Rb_tree_node_base
                0x08005d32        0x4 c:/st/stm32cubeide_1.8.0/stm32cubeide/plugins/gcc-arm-none-eabi-10.3-2021.10/bin/../lib/gcc/arm-none-eabi/10.3.1/../../../../arm-none-eabi/lib/thumb/v7e-m+fp/hard\libstdc++_nano.a(tree.o)
                0x08005d32                std::_Rb_tree_increment(std::_Rb_tree_node_base const*)
 .text._ZSt18_Rb_tree_decrementPSt18_Rb_tree_node_base
                0x08005d36        0x4 c:/st/stm32cubeide_1.8.0/stm32cubeide/plugins/gcc-arm-none-eabi-10.3-2021.10/bin/../lib/gcc/arm-none-eabi/10.3.1/../../../../arm-none-eabi/lib/thumb/v7e-m+fp/hard\libstdc++_nano.a(tree.o)
                0x08005d36                std::_Rb_tree_decrement(std::_Rb_tree_node_base*)
 .text._ZSt29_Rb_tree_insert_and_rebalancebPSt18_Rb_tree_node_baseS0_RS_
                0x08005d3a       0xb6 c:/st/stm32cubeide_1.8.0/stm32cubeide/plugins/gcc-arm-none-eabi-10.3-2021.10/bin/../lib/gcc/arm-none-eabi/10.3.1/../../../../arm-none-eabi/lib/thumb/v7e-m+fp/hard\libstdc++_nano.a(tree.o)
                0x08005d3a                std::_Rb_tree_insert_and_rebalance(bool, std::_Rb_tree_node_base*, std::_Rb_tree_node_base*, std::_Rb_tree_node_base&)
 .text._ZSt28_Rb_tree_rebalance_for_erasePSt18_Rb_tree_node_baseRS_
                0x08005df0      0x1c8 c:/st/stm32cubeide_1.8.0/stm32cubeide/plugins/gcc-arm-none-eabi-10.3-2021.10/bin/../lib/gcc/arm-none-eabi/10.3.1/../../../../arm-none-eabi/lib/thumb/v7e-m+fp/hard\libstdc++_nano.a(tree.o)
                0x08005df0                std::_Rb_tree_rebalance_for_erase(std::_Rb_tree_node_base*, std::_Rb_tree_node_base&)
 .text.unlikely._ZSt17__throw_bad_allocv
                0x08005fb8        0x6 c:/st/stm32cubeide_1.8.0/stm32cubeide/plugins/gcc-arm-none-eabi-10.3-2021.10/bin/../lib/gcc/arm-none-eabi/10.3.1/../../../../arm-none-eabi/lib/thumb/v7e-m+fp/hard\libstdc++_nano.a(functexcept.o)
                0x08005fb8                std::__throw_bad_alloc()
 .text.unlikely._ZSt25__throw_bad_function_callv
                0x08005fbe        0x6 c:/st/stm32cubeide_1.8.0/stm32cubeide/plugins/gcc-arm-none-eabi-10.3-2021.10/bin/../lib/gcc/arm-none-eabi/10.3.1/../../../../arm-none-eabi/lib/thumb/v7e-m+fp/hard\libstdc++_nano.a(functional.o)
                0x08005fbe                std::__throw_bad_function_call()
 .text._ZdlPv   0x08005fc4        0x4 c:/st/stm32cubeide_1.8.0/stm32cubeide/plugins/gcc-arm-none-eabi-10.3-2021.10/bin/../lib/gcc/arm-none-eabi/10.3.1/../../../../arm-none-eabi/lib/thumb/v7e-m+fp/hard\libstdc++_nano.a(del_op.o)
                0x08005fc4                operator delete(void*)
 .text._ZSt15get_new_handlerv
                0x08005fc8       0x10 c:/st/stm32cubeide_1.8.0/stm32cubeide/plugins/gcc-arm-none-eabi-10.3-2021.10/bin/../lib/gcc/arm-none-eabi/10.3.1/../../../../arm-none-eabi/lib/thumb/v7e-m+fp/hard\libstdc++_nano.a(new_handler.o)
                0x08005fc8                std::get_new_handler()
 .text.abort    0x08005fd8        0xe c:/st/stm32cubeide_1.8.0/stm32cubeide/plugins/gcc-arm-none-eabi-10.3-2021.10/bin/../lib/gcc/arm-none-eabi/10.3.1/../../../../arm-none-eabi/lib/thumb/v7e-m+fp/hard\libc_nano.a(lib_a-abort.o)
                0x08005fd8                abort
 *fill*         0x08005fe6        0x2 
 .text.__errno  0x08005fe8        0xc c:/st/stm32cubeide_1.8.0/stm32cubeide/plugins/gcc-arm-none-eabi-10.3-2021.10/bin/../lib/gcc/arm-none-eabi/10.3.1/../../../../arm-none-eabi/lib/thumb/v7e-m+fp/hard\libc_nano.a(lib_a-errno.o)
                0x08005fe8                __errno
 .text.__libc_init_array
                0x08005ff4       0x48 c:/st/stm32cubeide_1.8.0/stm32cubeide/plugins/gcc-arm-none-eabi-10.3-2021.10/bin/../lib/gcc/arm-none-eabi/10.3.1/../../../../arm-none-eabi/lib/thumb/v7e-m+fp/hard\libc_nano.a(lib_a-init.o)
                0x08005ff4                __libc_init_array
 .text.malloc   0x0800603c       0x10 c:/st/stm32cubeide_1.8.0/stm32cubeide/plugins/gcc-arm-none-eabi-10.3-2021.10/bin/../lib/gcc/arm-none-eabi/10.3.1/../../../../arm-none-eabi/lib/thumb/v7e-m+fp/hard\libc_nano.a(lib_a-malloc.o)
                0x0800603c                malloc
 .text.free     0x0800604c       0x10 c:/st/stm32cubeide_1.8.0/stm32cubeide/plugins/gcc-arm-none-eabi-10.3-2021.10/bin/../lib/gcc/arm-none-eabi/10.3.1/../../../../arm-none-eabi/lib/thumb/v7e-m+fp/hard\libc_nano.a(lib_a-malloc.o)
                0x0800604c                free
 .text.memset   0x0800605c       0x10 c:/st/stm32cubeide_1.8.0/stm32cubeide/plugins/gcc-arm-none-eabi-10.3-2021.10/bin/../lib/gcc/arm-none-eabi/10.3.1/../../../../arm-none-eabi/lib/thumb/v7e-m+fp/hard\libc_nano.a(lib_a-memset.o)
                0x0800605c                memset
 .text._free_r  0x0800606c       0x98 c:/st/stm32cubeide_1.8.0/stm32cubeide/plugins/gcc-arm-none-eabi-10.3-2021.10/bin/../lib/gcc/arm-none-eabi/10.3.1/../../../../arm-none-eabi/lib/thumb/v7e-m+fp/hard\libc_nano.a(lib_a-nano-freer.o)
                0x0800606c                _free_r
 .text.sbrk_aligned
                0x08006104       0x40 c:/st/stm32cubeide_1.8.0/stm32cubeide/plugins/gcc-arm-none-eabi-10.3-2021.10/bin/../lib/gcc/arm-none-eabi/10.3.1/../../../../arm-none-eabi/lib/thumb/v7e-m+fp/hard\libc_nano.a(lib_a-nano-mallocr.o)
 .text._malloc_r
                0x08006144       0xe8 c:/st/stm32cubeide_1.8.0/stm32cubeide/plugins/gcc-arm-none-eabi-10.3-2021.10/bin/../lib/gcc/arm-none-eabi/10.3.1/../../../../arm-none-eabi/lib/thumb/v7e-m+fp/hard\libc_nano.a(lib_a-nano-mallocr.o)
                0x08006144                _malloc_r
 .text._sbrk_r  0x0800622c       0x20 c:/st/stm32cubeide_1.8.0/stm32cubeide/plugins/gcc-arm-none-eabi-10.3-2021.10/bin/../lib/gcc/arm-none-eabi/10.3.1/../../../../arm-none-eabi/lib/thumb/v7e-m+fp/hard\libc_nano.a(lib_a-sbrkr.o)
                0x0800622c                _sbrk_r
 .text._raise_r
                0x0800624c       0x50 c:/st/stm32cubeide_1.8.0/stm32cubeide/plugins/gcc-arm-none-eabi-10.3-2021.10/bin/../lib/gcc/arm-none-eabi/10.3.1/../../../../arm-none-eabi/lib/thumb/v7e-m+fp/hard\libc_nano.a(lib_a-signal.o)
                0x0800624c                _raise_r
 .text.raise    0x0800629c       0x10 c:/st/stm32cubeide_1.8.0/stm32cubeide/plugins/gcc-arm-none-eabi-10.3-2021.10/bin/../lib/gcc/arm-none-eabi/10.3.1/../../../../arm-none-eabi/lib/thumb/v7e-m+fp/hard\libc_nano.a(lib_a-signal.o)
                0x0800629c                raise
 .text._kill_r  0x080062ac       0x24 c:/st/stm32cubeide_1.8.0/stm32cubeide/plugins/gcc-arm-none-eabi-10.3-2021.10/bin/../lib/gcc/arm-none-eabi/10.3.1/../../../../arm-none-eabi/lib/thumb/v7e-m+fp/hard\libc_nano.a(lib_a-signalr.o)
                0x080062ac                _kill_r
 .text._getpid_r
                0x080062d0        0x4 c:/st/stm32cubeide_1.8.0/stm32cubeide/plugins/gcc-arm-none-eabi-10.3-2021.10/bin/../lib/gcc/arm-none-eabi/10.3.1/../../../../arm-none-eabi/lib/thumb/v7e-m+fp/hard\libc_nano.a(lib_a-signalr.o)
                0x080062d0                _getpid_r
 .text.__malloc_lock
                0x080062d4        0xc c:/st/stm32cubeide_1.8.0/stm32cubeide/plugins/gcc-arm-none-eabi-10.3-2021.10/bin/../lib/gcc/arm-none-eabi/10.3.1/../../../../arm-none-eabi/lib/thumb/v7e-m+fp/hard\libc_nano.a(lib_a-mlock.o)
                0x080062d4                __malloc_lock
 .text.__malloc_unlock
                0x080062e0        0xc c:/st/stm32cubeide_1.8.0/stm32cubeide/plugins/gcc-arm-none-eabi-10.3-2021.10/bin/../lib/gcc/arm-none-eabi/10.3.1/../../../../arm-none-eabi/lib/thumb/v7e-m+fp/hard\libc_nano.a(lib_a-mlock.o)
                0x080062e0                __malloc_unlock
 .text.__retarget_lock_acquire_recursive
                0x080062ec        0x2 c:/st/stm32cubeide_1.8.0/stm32cubeide/plugins/gcc-arm-none-eabi-10.3-2021.10/bin/../lib/gcc/arm-none-eabi/10.3.1/../../../../arm-none-eabi/lib/thumb/v7e-m+fp/hard\libc_nano.a(lib_a-lock.o)
                0x080062ec                __retarget_lock_acquire_recursive
 .text.__retarget_lock_release_recursive
                0x080062ee        0x2 c:/st/stm32cubeide_1.8.0/stm32cubeide/plugins/gcc-arm-none-eabi-10.3-2021.10/bin/../lib/gcc/arm-none-eabi/10.3.1/../../../../arm-none-eabi/lib/thumb/v7e-m+fp/hard\libc_nano.a(lib_a-lock.o)
                0x080062ee                __retarget_lock_release_recursive
 *(.glue_7)
 .glue_7        0x080062f0        0x0 linker stubs
 *(.glue_7t)
 .glue_7t       0x080062f0        0x0 linker stubs
 *(.eh_frame)
 .eh_frame      0x080062f0        0x0 c:/st/stm32cubeide_1.8.0/stm32cubeide/plugins/gcc-arm-none-eabi-10.3-2021.10/bin/../lib/gcc/arm-none-eabi/10.3.1/thumb/v7e-m+fp/hard/crtbegin.o
 *(.init)
 .init          0x080062f0        0x4 c:/st/stm32cubeide_1.8.0/stm32cubeide/plugins/gcc-arm-none-eabi-10.3-2021.10/bin/../lib/gcc/arm-none-eabi/10.3.1/thumb/v7e-m+fp/hard/crti.o
                0x080062f0                _init
 .init          0x080062f4        0x8 c:/st/stm32cubeide_1.8.0/stm32cubeide/plugins/gcc-arm-none-eabi-10.3-2021.10/bin/../lib/gcc/arm-none-eabi/10.3.1/thumb/v7e-m+fp/hard/crtn.o
 *(.fini)
 .fini          0x080062fc        0x4 c:/st/stm32cubeide_1.8.0/stm32cubeide/plugins/gcc-arm-none-eabi-10.3-2021.10/bin/../lib/gcc/arm-none-eabi/10.3.1/thumb/v7e-m+fp/hard/crti.o
                0x080062fc                _fini
 .fini          0x08006300        0x8 c:/st/stm32cubeide_1.8.0/stm32cubeide/plugins/gcc-arm-none-eabi-10.3-2021.10/bin/../lib/gcc/arm-none-eabi/10.3.1/thumb/v7e-m+fp/hard/crtn.o
                0x08006308                . = ALIGN (0x4)
                0x08006308                _etext = .

.vfp11_veneer   0x08006308        0x0
 .vfp11_veneer  0x08006308        0x0 linker stubs

.v4_bx          0x08006308        0x0
 .v4_bx         0x08006308        0x0 linker stubs

.iplt           0x08006308        0x0
 .iplt          0x08006308        0x0 c:/st/stm32cubeide_1.8.0/stm32cubeide/plugins/gcc-arm-none-eabi-10.3-2021.10/bin/../lib/gcc/arm-none-eabi/10.3.1/thumb/v7e-m+fp/hard/crtbegin.o

.rodata         0x08006308       0x48
                0x08006308                . = ALIGN (0x4)
 *(.rodata)
 *(.rodata*)
 .rodata._ZTV17InterruptAccessor
                0x08006308       0x10 ./Core/Src/main.o
                0x08006308                vtable for InterruptAccessor
 .rodata.AHBPrescTable
                0x08006318       0x10 ./Core/Src/system_stm32f3xx.o
                0x08006318                AHBPrescTable
 .rodata.APBPrescTable
                0x08006328        0x8 ./Core/Src/system_stm32f3xx.o
                0x08006328                APBPrescTable
 .rodata.aPLLMULFactorTable
                0x08006330       0x10 ./Drivers/STM32F3xx_HAL_Driver/Src/stm32f3xx_hal_rcc.o
                0x08006330                aPLLMULFactorTable
 .rodata.aPredivFactorTable
                0x08006340       0x10 ./Drivers/STM32F3xx_HAL_Driver/Src/stm32f3xx_hal_rcc.o
                0x08006340                aPredivFactorTable
                0x08006350                . = ALIGN (0x4)

.rel.dyn        0x08006350        0x0
 .rel.iplt      0x08006350        0x0 c:/st/stm32cubeide_1.8.0/stm32cubeide/plugins/gcc-arm-none-eabi-10.3-2021.10/bin/../lib/gcc/arm-none-eabi/10.3.1/thumb/v7e-m+fp/hard/crtbegin.o

.ARM.extab      0x08006350        0x0
                0x08006350                . = ALIGN (0x4)
 *(.ARM.extab* .gnu.linkonce.armextab.*)
                0x08006350                . = ALIGN (0x4)

.ARM            0x08006350        0x0
                0x08006350                . = ALIGN (0x4)
                0x08006350                __exidx_start = .
 *(.ARM.exidx*)
                0x08006350                __exidx_end = .
                0x08006350                . = ALIGN (0x4)

.preinit_array  0x08006350        0x0
                0x08006350                . = ALIGN (0x4)
                0x08006350                PROVIDE (__preinit_array_start = .)
 *(.preinit_array*)
                0x08006350                PROVIDE (__preinit_array_end = .)
                0x08006350                . = ALIGN (0x4)

.init_array     0x08006350        0x8
                0x08006350                . = ALIGN (0x4)
                0x08006350                PROVIDE (__init_array_start = .)
 *(SORT_BY_NAME(.init_array.*))
 *(.init_array*)
 .init_array    0x08006350        0x4 c:/st/stm32cubeide_1.8.0/stm32cubeide/plugins/gcc-arm-none-eabi-10.3-2021.10/bin/../lib/gcc/arm-none-eabi/10.3.1/thumb/v7e-m+fp/hard/crtbegin.o
 .init_array    0x08006354        0x4 ./Core/Src/stm32f3xx_it.o
                0x08006358                PROVIDE (__init_array_end = .)
                0x08006358                . = ALIGN (0x4)

.fini_array     0x08006358        0x8
                0x08006358                . = ALIGN (0x4)
                [!provide]                PROVIDE (__fini_array_start = .)
 *(SORT_BY_NAME(.fini_array.*))
 *(.fini_array*)
 .fini_array    0x08006358        0x4 c:/st/stm32cubeide_1.8.0/stm32cubeide/plugins/gcc-arm-none-eabi-10.3-2021.10/bin/../lib/gcc/arm-none-eabi/10.3.1/thumb/v7e-m+fp/hard/crtbegin.o
 .fini_array    0x0800635c        0x4 ./Core/Src/stm32f3xx_it.o
                [!provide]                PROVIDE (__fini_array_end = .)
                0x08006360                . = ALIGN (0x4)
                0x08006360                _sidata = LOADADDR (.data)

.data           0x20000000       0x70 load address 0x08006360
                0x20000000                . = ALIGN (0x4)
                0x20000000                _sdata = .
 *(.data)
 *(.data*)
 .data.SystemCoreClock
                0x20000000        0x4 ./Core/Src/system_stm32f3xx.o
                0x20000000                SystemCoreClock
 .data.uwTickPrio
                0x20000004        0x4 ./Drivers/STM32F3xx_HAL_Driver/Src/stm32f3xx_hal.o
                0x20000004                uwTickPrio
 .data.uwTickFreq
                0x20000008        0x1 ./Drivers/STM32F3xx_HAL_Driver/Src/stm32f3xx_hal.o