c:\st\stm32cubeide_1.8.0\stm32cubeide\plugins\gcc-arm-none-eabi-10.3-2021.10\arm-none-eabi\include\c++\10.3.1\new:174:33:void* operator new(std::size_t, void*)	16	static
c:\st\stm32cubeide_1.8.0\stm32cubeide\plugins\gcc-arm-none-eabi-10.3-2021.10\arm-none-eabi\include\c++\10.3.1\bits\std_function.h:87:17:void* std::_Any_data::_M_access()	16	static
c:\st\stm32cubeide_1.8.0\stm32cubeide\plugins\gcc-arm-none-eabi-10.3-2021.10\arm-none-eabi\include\c++\10.3.1\bits\std_function.h:88:17:const void* std::_Any_data::_M_access() const	16	static
c:\st\stm32cubeide_1.8.0\stm32cubeide\plugins\gcc-arm-none-eabi-10.3-2021.10\arm-none-eabi\include\c++\10.3.1\bits\std_function.h:240:5:std::_Function_base::_Function_base()	16	static
c:\st\stm32cubeide_1.8.0\stm32cubeide\plugins\gcc-arm-none-eabi-10.3-2021.10\arm-none-eabi\include\c++\10.3.1\bits\std_function.h:242:5:std::_Function_base::~_Function_base()	16	static
c:\st\stm32cubeide_1.8.0\stm32cubeide\plugins\gcc-arm-none-eabi-10.3-2021.10\arm-none-eabi\include\c++\10.3.1\bits\std_function.h:248:10:bool std::_Function_base::_M_empty() const	16	static
../Core/Inc/led.hpp:18:2:LED::LED(TIM_HandleTypeDef*)	16	static
../Core/Inc/led.hpp:22:7:void LED::setColor(LED::Color)	16	static
c:\st\stm32cubeide_1.8.0\stm32cubeide\plugins\gcc-arm-none-eabi-10.3-2021.10\arm-none-eabi\include\c++\10.3.1\bits\stl_tree.h:206:5:void std::_Rb_tree_header::_M_reset()	16	static
c:\st\stm32cubeide_1.8.0\stm32cubeide\plugins\gcc-arm-none-eabi-10.3-2021.10\arm-none-eabi\include\c++\10.3.1\bits\std_function.h:303:11:std::function<void()>::~function()	16	static
c:\st\stm32cubeide_1.8.0\stm32cubeide\plugins\gcc-arm-none-eabi-10.3-2021.10\arm-none-eabi\include\c++\10.3.1\bits\stl_pair.h:211:12:std::pair<InterruptAccessor*, std::function<void()> >::~pair()	16	static
../Core/Inc/interrupt.hpp:19:2:InterruptAccessor::InterruptAccessor(InterruptAccessor::Map&, const std::function<void()>&)	64	static
../Core/Inc/interrupt.hpp:21:10:InterruptAccessor::~InterruptAccessor()	24	static
../Core/Inc/interrupt.hpp:21:10:virtual InterruptAccessor::~InterruptAccessor()	16	static
../Core/Src/main.cpp:82:44:main()::<lambda()>	16	static
../Core/Src/main.cpp:51:5:int main()	40	static
../Core/Src/main.cpp:164:6:void SystemClock_Config()	96	static
../Core/Src/main.cpp:210:13:void MX_TIM1_Init()	112	static
../Core/Src/main.cpp:291:13:void MX_USART1_UART_Init()	8	static
../Core/Src/main.cpp:323:13:void MX_GPIO_Init()	40	static
../Core/Src/main.cpp:346:6:void Error_Handler()	4	static
c:\st\stm32cubeide_1.8.0\stm32cubeide\plugins\gcc-arm-none-eabi-10.3-2021.10\arm-none-eabi\include\c++\10.3.1\bits\stl_pair.h:567:5:constexpr std::pair<typename std::__strip_reference_wrapper<typename std::decay<_Tp>::type>::__type, typename std::__strip_reference_wrapper<typename std::decay<_Tp2>::type>::__type> std::make_pair(_T1&&, _T2&&) [with _T1 = InterruptAccessor*; _T2 = const std::function<void()>&]	32	static
c:\st\stm32cubeide_1.8.0\stm32cubeide\plugins\gcc-arm-none-eabi-10.3-2021.10\arm-none-eabi\include\c++\10.3.1\bits\stl_map.h:816:2:std::__enable_if_t<std::is_constructible<std::pair<const _Key, _Tp>, _Pair>::value, std::pair<typename std::_Rb_tree<_Key, std::pair<const _Key, _Tp>, std::_Select1st<std::pair<const _Key, _Tp> >, _Compare, typename __gnu_cxx::__alloc_traits<_Alloc>::rebind<std::pair<const _Key, _Tp> >::other>::iterator, bool> > std::map<_Key, _Tp, _Compare, _Alloc>::insert(_Pair&&) [with _Pair = std::pair<InterruptAccessor*, std::function<void()> >; _Key = InterruptAccessor* const; _Tp = const std::function<void()>; _Compare = std::less<InterruptAccessor* const>; _Alloc = std::allocator<std::pair<InterruptAccessor* const, const std::function<void()> > >]	32	static
c:\st\stm32cubeide_1.8.0\stm32cubeide\plugins\gcc-arm-none-eabi-10.3-2021.10\arm-none-eabi\include\c++\10.3.1\bits\stl_map.h:1068:7:std::map<_Key, _Tp, _Compare, _Alloc>::size_type std::map<_Key, _Tp, _Compare, _Alloc>::erase(const key_type&) [with _Key = InterruptAccessor* const; _Tp = const std::function<void()>; _Compare = std::less<InterruptAccessor* const>; _Alloc = std::allocator<std::pair<InterruptAccessor* const, const std::function<void()> > >]	16	static
c:\st\stm32cubeide_1.8.0\stm32cubeide\plugins\gcc-arm-none-eabi-10.3-2021.10\arm-none-eabi\include\c++\10.3.1\bits\std_function.h:601:7:)>::function(_Functor) [with _Functor = main()::<lambda()>; <template-parameter-2-2> = void; <template-parameter-2-3> = void; _Res = void; _ArgTypes = {}]	24	static
c:\st\stm32cubeide_1.8.0\stm32cubeide\plugins\gcc-arm-none-eabi-10.3-2021.10\arm-none-eabi\include\c++\10.3.1\bits\std_function.h:357:7:)>&&) [with _Res = void; _ArgTypes = {}]	16	static
c:\st\stm32cubeide_1.8.0\stm32cubeide\plugins\gcc-arm-none-eabi-10.3-2021.10\arm-none-eabi\include\c++\10.3.1\bits\move.h:76:5:constexpr _Tp&& std::forward(typename std::remove_reference<_Tp>::type&) [with _Tp = InterruptAccessor*]	16	static
c:\st\stm32cubeide_1.8.0\stm32cubeide\plugins\gcc-arm-none-eabi-10.3-2021.10\arm-none-eabi\include\c++\10.3.1\bits\move.h:76:5:constexpr _Tp&& std::forward(typename std::remove_reference<_Tp>::type&) [with _Tp = const std::function<void()>&]	16	static
c:\st\stm32cubeide_1.8.0\stm32cubeide\plugins\gcc-arm-none-eabi-10.3-2021.10\arm-none-eabi\include\c++\10.3.1\bits\stl_pair.h:322:18:constexpr std::pair<_T1, _T2>::pair(_U1&&, const _T2&) [with _U1 = InterruptAccessor*; typename std::enable_if<std::_PCC<true, _T1, _T2>::_MoveCopyPair<true, _U1, _T2>(), bool>::type <anonymous> = true; _T1 = InterruptAccessor*; _T2 = std::function<void()>]	24	static
c:\st\stm32cubeide_1.8.0\stm32cubeide\plugins\gcc-arm-none-eabi-10.3-2021.10\arm-none-eabi\include\c++\10.3.1\bits\move.h:76:5:constexpr _Tp&& std::forward(typename std::remove_reference<_Tp>::type&) [with _Tp = std::pair<InterruptAccessor*, std::function<void()> >]	16	static
c:\st\stm32cubeide_1.8.0\stm32cubeide\plugins\gcc-arm-none-eabi-10.3-2021.10\arm-none-eabi\include\c++\10.3.1\bits\stl_tree.h:2413:7:) [with _Args = {std::pair<InterruptAccessor*, std::function<void()> >}; _Key = InterruptAccessor* const; _Val = std::pair<InterruptAccessor* const, const std::function<void()> >; _KeyOfValue = std::_Select1st<std::pair<InterruptAccessor* const, const std::function<void()> > >; _Compare = std::less<InterruptAccessor* const>; _Alloc = std::allocator<std::pair<InterruptAccessor* const, const std::function<void()> > >]	56	static
c:\st\stm32cubeide_1.8.0\stm32cubeide\plugins\gcc-arm-none-eabi-10.3-2021.10\arm-none-eabi\include\c++\10.3.1\bits\stl_tree.h:2539:5:std::_Rb_tree<_Key, _Val, _KeyOfValue, _Compare, _Alloc>::size_type std::_Rb_tree<_Key, _Val, _KeyOfValue, _Compare, _Alloc>::erase(const _Key&) [with _Key = InterruptAccessor* const; _Val = std::pair<InterruptAccessor* const, const std::function<void()> >; _KeyOfValue = std::_Select1st<std::pair<InterruptAccessor* const, const std::function<void()> > >; _Compare = std::less<InterruptAccessor* const>; _Alloc = std::allocator<std::pair<InterruptAccessor* const, const std::function<void()> > >]	40	static
c:\st\stm32cubeide_1.8.0\stm32cubeide\plugins\gcc-arm-none-eabi-10.3-2021.10\arm-none-eabi\include\c++\10.3.1\bits\std_function.h:227:4:static bool std::_Function_base::_Base_manager<_Functor>::_M_not_empty_function(const _Tp&) [with _Tp = main()::<lambda()>; _Functor = main()::<lambda()>]	16	static
c:\st\stm32cubeide_1.8.0\stm32cubeide\plugins\gcc-arm-none-eabi-10.3-2021.10\arm-none-eabi\include\c++\10.3.1\bits\move.h:101:5:constexpr typename std::remove_reference<_Tp>::type&& std::move(_Tp&&) [with _Tp = main()::<lambda()>&]	16	static
c:\st\stm32cubeide_1.8.0\stm32cubeide\plugins\gcc-arm-none-eabi-10.3-2021.10\arm-none-eabi\include\c++\10.3.1\bits\std_function.h:207:2:static void std::_Function_base::_Base_manager<_Functor>::_M_init_functor(std::_Any_data&, _Functor&&) [with _Functor = main()::<lambda()>]	24	static
c:\st\stm32cubeide_1.8.0\stm32cubeide\plugins\gcc-arm-none-eabi-10.3-2021.10\arm-none-eabi\include\c++\10.3.1\bits\std_function.h:289:7:) [with _Res = void; _Functor = main()::<lambda()>; _ArgTypes = {}]	16	static
c:\st\stm32cubeide_1.8.0\stm32cubeide\plugins\gcc-arm-none-eabi-10.3-2021.10\arm-none-eabi\include\c++\10.3.1\bits\std_function.h:268:7:), _Functor>::_M_manager(std::_Any_data&, const std::_Any_data&, std::_Manager_operation) [with _Res = void; _Functor = main()::<lambda()>; _ArgTypes = {}]	32	static
c:\st\stm32cubeide_1.8.0\stm32cubeide\plugins\gcc-arm-none-eabi-10.3-2021.10\arm-none-eabi\include\c++\10.3.1\bits\std_function.h:481:12:)>&) [with _Res = void; _ArgTypes = {}]	16	static
c:\st\stm32cubeide_1.8.0\stm32cubeide\plugins\gcc-arm-none-eabi-10.3-2021.10\arm-none-eabi\include\c++\10.3.1\bits\std_function.h:587:5:)>&) [with _Res = void; _ArgTypes = {}]	16	static
c:\st\stm32cubeide_1.8.0\stm32cubeide\plugins\gcc-arm-none-eabi-10.3-2021.10\arm-none-eabi\include\c++\10.3.1\bits\stl_tree.h:632:2:) [with _Args = {std::pair<InterruptAccessor*, std::function<void()> >}; _Key = InterruptAccessor* const; _Val = std::pair<InterruptAccessor* const, const std::function<void()> >; _KeyOfValue = std::_Select1st<std::pair<InterruptAccessor* const, const std::function<void()> > >; _Compare = std::less<InterruptAccessor* const>; _Alloc = std::allocator<std::pair<InterruptAccessor* const, const std::function<void()> > >]	24	static
c:\st\stm32cubeide_1.8.0\stm32cubeide\plugins\gcc-arm-none-eabi-10.3-2021.10\arm-none-eabi\include\c++\10.3.1\bits\stl_tree.h:2093:5:std::pair<std::_Rb_tree_node_base*, std::_Rb_tree_node_base*> std::_Rb_tree<_Key, _Val, _KeyOfValue, _Compare, _Alloc>::_M_get_insert_unique_pos(const key_type&) [with _Key = InterruptAccessor* const; _Val = std::pair<InterruptAccessor* const, const std::function<void()> >; _KeyOfValue = std::_Select1st<std::pair<InterruptAccessor* const, const std::function<void()> > >; _Compare = std::less<InterruptAccessor* const>; _Alloc = std::allocator<std::pair<InterruptAccessor* const, const std::function<void()> > >]	56	static
c:\st\stm32cubeide_1.8.0\stm32cubeide\plugins\gcc-arm-none-eabi-10.3-2021.10\arm-none-eabi\include\c++\10.3.1\bits\stl_tree.h:769:7:static const _Key& std::_Rb_tree<_Key, _Val, _KeyOfValue, _Compare, _Alloc>::_S_key(std::_Rb_tree<_Key, _Val, _KeyOfValue, _Compare, _Alloc>::_Const_Link_type) [with _Key = InterruptAccessor* const; _Val = std::pair<InterruptAccessor* const, const std::function<void()> >; _KeyOfValue = std::_Select1st<std::pair<InterruptAccessor* const, const std::function<void()> > >; _Compare = std::less<InterruptAccessor* const>; _Alloc = std::allocator<std::pair<InterruptAccessor* const, const std::function<void()> > >]	24	static
c:\st\stm32cubeide_1.8.0\stm32cubeide\plugins\gcc-arm-none-eabi-10.3-2021.10\arm-none-eabi\include\c++\10.3.1\bits\stl_tree.h:2362:5:std::_Rb_tree<_Key, _Val, _KeyOfValue, _Compare, _Alloc>::iterator std::_Rb_tree<_Key, _Val, _KeyOfValue, _Compare, _Alloc>::_M_insert_node(std::_Rb_tree<_Key, _Val, _KeyOfValue, _Compare, _Alloc>::_Base_ptr, std::_Rb_tree<_Key, _Val, _KeyOfValue, _Compare, _Alloc>::_Base_ptr, std::_Rb_tree<_Key, _Val, _KeyOfValue, _Compare, _Alloc>::_Link_type) [with _Key = InterruptAccessor* const; _Val = std::pair<InterruptAccessor* const, const std::function<void()> >; _KeyOfValue = std::_Select1st<std::pair<InterruptAccessor* const, const std::function<void()> > >; _Compare = std::less<InterruptAccessor* const>; _Alloc = std::allocator<std::pair<InterruptAccessor* const, const std::function<void()> > >]	40	static
c:\st\stm32cubeide_1.8.0\stm32cubeide\plugins\gcc-arm-none-eabi-10.3-2021.10\arm-none-eabi\include\c++\10.3.1\bits\stl_pair.h:352:12:constexpr std::pair<_T1, _T2>::pair(_U1&&, _U2&&) [with _U1 = std::_Rb_tree_iterator<std::pair<InterruptAccessor* const, const std::function<void()> > >; _U2 = bool; typename std::enable_if<(std::_PCC<true, _T1, _T2>::_MoveConstructiblePair<_U1, _U2>() && std::_PCC<true, _T1, _T2>::_ImplicitlyMoveConvertiblePair<_U1, _U2>()), bool>::type <anonymous> = true; _T1 = std::_Rb_tree_iterator<std::pair<InterruptAccessor* const, const std::function<void()> > >; _T2 = bool]	24	static
c:\st\stm32cubeide_1.8.0\stm32cubeide\plugins\gcc-arm-none-eabi-10.3-2021.10\arm-none-eabi\include\c++\10.3.1\bits\stl_tree.h:652:7:void std::_Rb_tree<_Key, _Val, _KeyOfValue, _Compare, _Alloc>::_M_drop_node(std::_Rb_tree<_Key, _Val, _KeyOfValue, _Compare, _Alloc>::_Link_type) [with _Key = InterruptAccessor* const; _Val = std::pair<InterruptAccessor* const, const std::function<void()> >; _KeyOfValue = std::_Select1st<std::pair<InterruptAccessor* const, const std::function<void()> > >; _Compare = std::less<InterruptAccessor* const>; _Alloc = std::allocator<std::pair<InterruptAccessor* const, const std::function<void()> > >]	16	static
c:\st\stm32cubeide_1.8.0\stm32cubeide\plugins\gcc-arm-none-eabi-10.3-2021.10\arm-none-eabi\include\c++\10.3.1\bits\stl_tree.h:273:7:std::_Rb_tree_iterator<_Tp>::_Rb_tree_iterator(std::_Rb_tree_iterator<_Tp>::_Base_ptr) [with _Tp = std::pair<InterruptAccessor* const, const std::function<void()> >]	16	static
c:\st\stm32cubeide_1.8.0\stm32cubeide\plugins\gcc-arm-none-eabi-10.3-2021.10\arm-none-eabi\include\c++\10.3.1\bits\stl_tree.h:1998:5:std::pair<std::_Rb_tree_iterator<_Val>, std::_Rb_tree_iterator<_Val> > std::_Rb_tree<_Key, _Val, _KeyOfValue, _Compare, _Alloc>::equal_range(const _Key&) [with _Key = InterruptAccessor* const; _Val = std::pair<InterruptAccessor* const, const std::function<void()> >; _KeyOfValue = std::_Select1st<std::pair<InterruptAccessor* const, const std::function<void()> > >; _Compare = std::less<InterruptAccessor* const>; _Alloc = std::allocator<std::pair<InterruptAccessor* const, const std::function<void()> > >]	64	static
c:\st\stm32cubeide_1.8.0\stm32cubeide\plugins\gcc-arm-none-eabi-10.3-2021.10\arm-none-eabi\include\c++\10.3.1\bits\stl_tree.h:1040:7:std::_Rb_tree<_Key, _Val, _KeyOfValue, _Compare, _Alloc>::size_type std::_Rb_tree<_Key, _Val, _KeyOfValue, _Compare, _Alloc>::size() const [with _Key = InterruptAccessor* const; _Val = std::pair<InterruptAccessor* const, const std::function<void()> >; _KeyOfValue = std::_Select1st<std::pair<InterruptAccessor* const, const std::function<void()> > >; _Compare = std::less<InterruptAccessor* const>; _Alloc = std::allocator<std::pair<InterruptAccessor* const, const std::function<void()> > >]	16	static
c:\st\stm32cubeide_1.8.0\stm32cubeide\plugins\gcc-arm-none-eabi-10.3-2021.10\arm-none-eabi\include\c++\10.3.1\bits\stl_tree.h:350:7:std::_Rb_tree_const_iterator<_Tp>::_Rb_tree_const_iterator(const iterator&) [with _Tp = std::pair<InterruptAccessor* const, const std::function<void()> >]	16	static
c:\st\stm32cubeide_1.8.0\stm32cubeide\plugins\gcc-arm-none-eabi-10.3-2021.10\arm-none-eabi\include\c++\10.3.1\bits\stl_tree.h:2526:5:void std::_Rb_tree<_Key, _Val, _KeyOfValue, _Compare, _Alloc>::_M_erase_aux(std::_Rb_tree<_Key, _Val, _KeyOfValue, _Compare, _Alloc>::const_iterator, std::_Rb_tree<_Key, _Val, _KeyOfValue, _Compare, _Alloc>::const_iterator) [with _Key = InterruptAccessor* const; _Val = std::pair<InterruptAccessor* const, const std::function<void()> >; _KeyOfValue = std::_Select1st<std::pair<InterruptAccessor* const, const std::function<void()> > >; _Compare = std::less<InterruptAccessor* const>; _Alloc = std::allocator<std::pair<InterruptAccessor* const, const std::function<void()> > >]	40	static
c:\st\stm32cubeide_1.8.0\stm32cubeide\plugins\gcc-arm-none-eabi-10.3-2021.10\arm-none-eabi\include\c++\10.3.1\bits\std_function.h:232:2:static void std::_Function_base::_Base_manager<_Functor>::_M_init_functor(std::_Any_data&, _Functor&&, std::true_type) [with _Functor = main()::<lambda()>]	32	static
c:\st\stm32cubeide_1.8.0\stm32cubeide\plugins\gcc-arm-none-eabi-10.3-2021.10\arm-none-eabi\include\c++\10.3.1\bits\std_function.h:136:2:static _Functor* std::_Function_base::_Base_manager<_Functor>::_M_get_pointer(const std::_Any_data&) [with _Functor = main()::<lambda()>]	24	static
c:\st\stm32cubeide_1.8.0\stm32cubeide\plugins\gcc-arm-none-eabi-10.3-2021.10\arm-none-eabi\include\c++\10.3.1\bits\invoke.h:148:5:) [with _Res = void; _Callable = main()::<lambda()>&; _Args = {}]	24	static
c:\st\stm32cubeide_1.8.0\stm32cubeide\plugins\gcc-arm-none-eabi-10.3-2021.10\arm-none-eabi\include\c++\10.3.1\bits\std_function.h:92:7:_Tp& std::_Any_data::_M_access() [with _Tp = main()::<lambda()>*]	16	static
c:\st\stm32cubeide_1.8.0\stm32cubeide\plugins\gcc-arm-none-eabi-10.3-2021.10\arm-none-eabi\include\c++\10.3.1\bits\std_function.h:181:2:static bool std::_Function_base::_Base_manager<_Functor>::_M_manager(std::_Any_data&, const std::_Any_data&, std::_Manager_operation) [with _Functor = main()::<lambda()>]	32	static
c:\st\stm32cubeide_1.8.0\stm32cubeide\plugins\gcc-arm-none-eabi-10.3-2021.10\arm-none-eabi\include\c++\10.3.1\bits\move.h:101:5:constexpr typename std::remove_reference<_Tp>::type&& std::move(_Tp&&) [with _Tp = std::_Any_data&]	16	static
c:\st\stm32cubeide_1.8.0\stm32cubeide\plugins\gcc-arm-none-eabi-10.3-2021.10\arm-none-eabi\include\c++\10.3.1\bits\move.h:189:5:std::_Require<std::__not_<std::__is_tuple_like<_Tp> >, std::is_move_constructible<_Tp>, std::is_move_assignable<_Tp> > std::swap(_Tp&, _Tp&) [with _Tp = std::_Any_data]	24	static
c:\st\stm32cubeide_1.8.0\stm32cubeide\plugins\gcc-arm-none-eabi-10.3-2021.10\arm-none-eabi\include\c++\10.3.1\bits\move.h:101:5:constexpr typename std::remove_reference<_Tp>::type&& std::move(_Tp&&) [with _Tp = bool (*&)(std::_Any_data&, const std::_Any_data&, std::_Manager_operation)]	16	static
c:\st\stm32cubeide_1.8.0\stm32cubeide\plugins\gcc-arm-none-eabi-10.3-2021.10\arm-none-eabi\include\c++\10.3.1\bits\move.h:189:5:std::_Require<std::__not_<std::__is_tuple_like<_Tp> >, std::is_move_constructible<_Tp>, std::is_move_assignable<_Tp> > std::swap(_Tp&, _Tp&) [with _Tp = bool (*)(std::_Any_data&, const std::_Any_data&, std::_Manager_operation)]	24	static
c:\st\stm32cubeide_1.8.0\stm32cubeide\plugins\gcc-arm-none-eabi-10.3-2021.10\arm-none-eabi\include\c++\10.3.1\bits\move.h:101:5:constexpr typename std::remove_reference<_Tp>::type&& std::move(_Tp&&) [with _Tp = void (*&)(const std::_Any_data&)]	16	static
c:\st\stm32cubeide_1.8.0\stm32cubeide\plugins\gcc-arm-none-eabi-10.3-2021.10\arm-none-eabi\include\c++\10.3.1\bits\move.h:189:5:std::_Require<std::__not_<std::__is_tuple_like<_Tp> >, std::is_move_constructible<_Tp>, std::is_move_assignable<_Tp> > std::swap(_Tp&, _Tp&) [with _Tp = void (*)(const std::_Any_data&)]	24	static
c:\st\stm32cubeide_1.8.0\stm32cubeide\plugins\gcc-arm-none-eabi-10.3-2021.10\arm-none-eabi\include\c++\10.3.1\bits\std_function.h:498:16:)>::operator bool() const [with _Res = void; _ArgTypes = {}]	16	static
c:\st\stm32cubeide_1.8.0\stm32cubeide\plugins\gcc-arm-none-eabi-10.3-2021.10\arm-none-eabi\include\c++\10.3.1\bits\stl_tree.h:583:7:std::_Rb_tree_node<_Val>* std::_Rb_tree<_Key, _Val, _KeyOfValue, _Compare, _Alloc>::_M_get_node() [with _Key = InterruptAccessor* const; _Val = std::pair<InterruptAccessor* const, const std::function<void()> >; _KeyOfValue = std::_Select1st<std::pair<InterruptAccessor* const, const std::function<void()> > >; _Compare = std::less<InterruptAccessor* const>; _Alloc = std::allocator<std::pair<InterruptAccessor* const, const std::function<void()> > >]	16	static
c:\st\stm32cubeide_1.8.0\stm32cubeide\plugins\gcc-arm-none-eabi-10.3-2021.10\arm-none-eabi\include\c++\10.3.1\bits\stl_tree.h:613:2:) [with _Args = {std::pair<InterruptAccessor*, std::function<void()> >}; _Key = InterruptAccessor* const; _Val = std::pair<InterruptAccessor* const, const std::function<void()> >; _KeyOfValue = std::_Select1st<std::pair<InterruptAccessor* const, const std::function<void()> > >; _Compare = std::less<InterruptAccessor* const>; _Alloc = std::allocator<std::pair<InterruptAccessor* const, const std::function<void()> > >]	32	static
c:\st\stm32cubeide_1.8.0\stm32cubeide\plugins\gcc-arm-none-eabi-10.3-2021.10\arm-none-eabi\include\c++\10.3.1\bits\stl_tree.h:750:7:std::_Rb_tree_node<_Val>* std::_Rb_tree<_Key, _Val, _KeyOfValue, _Compare, _Alloc>::_M_begin() [with _Key = InterruptAccessor* const; _Val = std::pair<InterruptAccessor* const, const std::function<void()> >; _KeyOfValue = std::_Select1st<std::pair<InterruptAccessor* const, const std::function<void()> > >; _Compare = std::less<InterruptAccessor* const>; _Alloc = std::allocator<std::pair<InterruptAccessor* const, const std::function<void()> > >]	16	static
c:\st\stm32cubeide_1.8.0\stm32cubeide\plugins\gcc-arm-none-eabi-10.3-2021.10\arm-none-eabi\include\c++\10.3.1\bits\stl_tree.h:761:7:std::_Rb_tree_node_base* std::_Rb_tree<_Key, _Val, _KeyOfValue, _Compare, _Alloc>::_M_end() [with _Key = InterruptAccessor* const; _Val = std::pair<InterruptAccessor* const, const std::function<void()> >; _KeyOfValue = std::_Select1st<std::pair<InterruptAccessor* const, const std::function<void()> > >; _Compare = std::less<InterruptAccessor* const>; _Alloc = std::allocator<std::pair<InterruptAccessor* const, const std::function<void()> > >]	16	static
c:\st\stm32cubeide_1.8.0\stm32cubeide\plugins\gcc-arm-none-eabi-10.3-2021.10\arm-none-eabi\include\c++\10.3.1\bits\stl_function.h:385:7:constexpr bool std::less<_Tp>::operator()(const _Tp&, const _Tp&) const [with _Tp = InterruptAccessor* const]	24	static
c:\st\stm32cubeide_1.8.0\stm32cubeide\plugins\gcc-arm-none-eabi-10.3-2021.10\arm-none-eabi\include\c++\10.3.1\bits\stl_tree.h:791:7:static std::_Rb_tree_node<_Val>* std::_Rb_tree<_Key, _Val, _KeyOfValue, _Compare, _Alloc>::_S_left(std::_Rb_tree<_Key, _Val, _KeyOfValue, _Compare, _Alloc>::_Base_ptr) [with _Key = InterruptAccessor* const; _Val = std::pair<InterruptAccessor* const, const std::function<void()> >; _KeyOfValue = std::_Select1st<std::pair<InterruptAccessor* const, const std::function<void()> > >; _Compare = std::less<InterruptAccessor* const>; _Alloc = std::allocator<std::pair<InterruptAccessor* const, const std::function<void()> > >]	16	static
c:\st\stm32cubeide_1.8.0\stm32cubeide\plugins\gcc-arm-none-eabi-10.3-2021.10\arm-none-eabi\include\c++\10.3.1\bits\stl_tree.h:799:7:static std::_Rb_tree_node<_Val>* std::_Rb_tree<_Key, _Val, _KeyOfValue, _Compare, _Alloc>::_S_right(std::_Rb_tree<_Key, _Val, _KeyOfValue, _Compare, _Alloc>::_Base_ptr) [with _Key = InterruptAccessor* const; _Val = std::pair<InterruptAccessor* const, const std::function<void()> >; _KeyOfValue = std::_Select1st<std::pair<InterruptAccessor* const, const std::function<void()> > >; _Compare = std::less<InterruptAccessor* const>; _Alloc = std::allocator<std::pair<InterruptAccessor* const, const std::function<void()> > >]	16	static
c:\st\stm32cubeide_1.8.0\stm32cubeide\plugins\gcc-arm-none-eabi-10.3-2021.10\arm-none-eabi\include\c++\10.3.1\bits\stl_tree.h:1004:7:std::_Rb_tree<_Key, _Val, _KeyOfValue, _Compare, _Alloc>::iterator std::_Rb_tree<_Key, _Val, _KeyOfValue, _Compare, _Alloc>::begin() [with _Key = InterruptAccessor* const; _Val = std::pair<InterruptAccessor* const, const std::function<void()> >; _KeyOfValue = std::_Select1st<std::pair<InterruptAccessor* const, const std::function<void()> > >; _Compare = std::less<InterruptAccessor* const>; _Alloc = std::allocator<std::pair<InterruptAccessor* const, const std::function<void()> > >]	24	static
c:\st\stm32cubeide_1.8.0\stm32cubeide\plugins\gcc-arm-none-eabi-10.3-2021.10\arm-none-eabi\include\c++\10.3.1\bits\stl_tree.h:315:7:bool std::operator==(const _Self&, const _Self&)	16	static
c:\st\stm32cubeide_1.8.0\stm32cubeide\plugins\gcc-arm-none-eabi-10.3-2021.10\arm-none-eabi\include\c++\10.3.1\bits\stl_pair.h:352:12:constexpr std::pair<_T1, _T2>::pair(_U1&&, _U2&&) [with _U1 = std::_Rb_tree_node<std::pair<InterruptAccessor* const, const std::function<void()> > >*&; _U2 = std::_Rb_tree_node_base*&; typename std::enable_if<(std::_PCC<true, _T1, _T2>::_MoveConstructiblePair<_U1, _U2>() && std::_PCC<true, _T1, _T2>::_ImplicitlyMoveConvertiblePair<_U1, _U2>()), bool>::type <anonymous> = true; _T1 = std::_Rb_tree_node_base*; _T2 = std::_Rb_tree_node_base*]	24	static
c:\st\stm32cubeide_1.8.0\stm32cubeide\plugins\gcc-arm-none-eabi-10.3-2021.10\arm-none-eabi\include\c++\10.3.1\bits\stl_tree.h:300:7:std::_Rb_tree_iterator<_Tp>::_Self& std::_Rb_tree_iterator<_Tp>::operator--() [with _Tp = std::pair<InterruptAccessor* const, const std::function<void()> >]	16	static
c:\st\stm32cubeide_1.8.0\stm32cubeide\plugins\gcc-arm-none-eabi-10.3-2021.10\arm-none-eabi\include\c++\10.3.1\bits\stl_tree.h:807:7:static const _Key& std::_Rb_tree<_Key, _Val, _KeyOfValue, _Compare, _Alloc>::_S_key(std::_Rb_tree<_Key, _Val, _KeyOfValue, _Compare, _Alloc>::_Const_Base_ptr) [with _Key = InterruptAccessor* const; _Val = std::pair<InterruptAccessor* const, const std::function<void()> >; _KeyOfValue = std::_Select1st<std::pair<InterruptAccessor* const, const std::function<void()> > >; _Compare = std::less<InterruptAccessor* const>; _Alloc = std::allocator<std::pair<InterruptAccessor* const, const std::function<void()> > >]	16	static
c:\st\stm32cubeide_1.8.0\stm32cubeide\plugins\gcc-arm-none-eabi-10.3-2021.10\arm-none-eabi\include\c++\10.3.1\bits\stl_pair.h:322:18:constexpr std::pair<_T1, _T2>::pair(_U1&&, const _T2&) [with _U1 = std::_Rb_tree_node_base*&; typename std::enable_if<std::_PCC<true, _T1, _T2>::_MoveCopyPair<true, _U1, _T2>(), bool>::type <anonymous> = true; _T1 = std::_Rb_tree_node_base*; _T2 = std::_Rb_tree_node_base*]	24	static
c:\st\stm32cubeide_1.8.0\stm32cubeide\plugins\gcc-arm-none-eabi-10.3-2021.10\arm-none-eabi\include\c++\10.3.1\bits\stl_tree.h:238:7:const _Val* std::_Rb_tree_node<_Val>::_M_valptr() const [with _Val = std::pair<InterruptAccessor* const, const std::function<void()> >]	16	static
c:\st\stm32cubeide_1.8.0\stm32cubeide\plugins\gcc-arm-none-eabi-10.3-2021.10\arm-none-eabi\include\c++\10.3.1\bits\stl_function.h:1155:7:const typename _Pair::first_type& std::_Select1st<_Pair>::operator()(const _Pair&) const [with _Pair = std::pair<InterruptAccessor* const, const std::function<void()> >]	16	static
c:\st\stm32cubeide_1.8.0\stm32cubeide\plugins\gcc-arm-none-eabi-10.3-2021.10\arm-none-eabi\include\c++\10.3.1\bits\move.h:76:5:constexpr _Tp&& std::forward(typename std::remove_reference<_Tp>::type&) [with _Tp = std::_Rb_tree_iterator<std::pair<InterruptAccessor* const, const std::function<void()> > >]	16	static
c:\st\stm32cubeide_1.8.0\stm32cubeide\plugins\gcc-arm-none-eabi-10.3-2021.10\arm-none-eabi\include\c++\10.3.1\bits\move.h:76:5:constexpr _Tp&& std::forward(typename std::remove_reference<_Tp>::type&) [with _Tp = bool]	16	static
c:\st\stm32cubeide_1.8.0\stm32cubeide\plugins\gcc-arm-none-eabi-10.3-2021.10\arm-none-eabi\include\c++\10.3.1\bits\stl_tree.h:641:7:void std::_Rb_tree<_Key, _Val, _KeyOfValue, _Compare, _Alloc>::_M_destroy_node(std::_Rb_tree<_Key, _Val, _KeyOfValue, _Compare, _Alloc>::_Link_type) [with _Key = InterruptAccessor* const; _Val = std::pair<InterruptAccessor* const, const std::function<void()> >; _KeyOfValue = std::_Select1st<std::pair<InterruptAccessor* const, const std::function<void()> > >; _Compare = std::less<InterruptAccessor* const>; _Alloc = std::allocator<std::pair<InterruptAccessor* const, const std::function<void()> > >]	24	static
c:\st\stm32cubeide_1.8.0\stm32cubeide\plugins\gcc-arm-none-eabi-10.3-2021.10\arm-none-eabi\include\c++\10.3.1\bits\stl_tree.h:587:7:void std::_Rb_tree<_Key, _Val, _KeyOfValue, _Compare, _Alloc>::_M_put_node(std::_Rb_tree<_Key, _Val, _KeyOfValue, _Compare, _Alloc>::_Link_type) [with _Key = InterruptAccessor* const; _Val = std::pair<InterruptAccessor* const, const std::function<void()> >; _KeyOfValue = std::_Select1st<std::pair<InterruptAccessor* const, const std::function<void()> > >; _Compare = std::less<InterruptAccessor* const>; _Alloc = std::allocator<std::pair<InterruptAccessor* const, const std::function<void()> > >]	16	static
c:\st\stm32cubeide_1.8.0\stm32cubeide\plugins\gcc-arm-none-eabi-10.3-2021.10\arm-none-eabi\include\c++\10.3.1\bits\stl_tree.h:1932:5:std::_Rb_tree<_Key, _Val, _KeyOfValue, _Compare, _Alloc>::iterator std::_Rb_tree<_Key, _Val, _KeyOfValue, _Compare, _Alloc>::_M_lower_bound(std::_Rb_tree<_Key, _Val, _KeyOfValue, _Compare, _Alloc>::_Link_type, std::_Rb_tree<_Key, _Val, _KeyOfValue, _Compare, _Alloc>::_Base_ptr, const _Key&) [with _Key = InterruptAccessor* const; _Val = std::pair<InterruptAccessor* const, const std::function<void()> >; _KeyOfValue = std::_Select1st<std::pair<InterruptAccessor* const, const std::function<void()> > >; _Compare = std::less<InterruptAccessor* const>; _Alloc = std::allocator<std::pair<InterruptAccessor* const, const std::function<void()> > >]	40	static
c:\st\stm32cubeide_1.8.0\stm32cubeide\plugins\gcc-arm-none-eabi-10.3-2021.10\arm-none-eabi\include\c++\10.3.1\bits\stl_tree.h:1964:5:std::_Rb_tree<_Key, _Val, _KeyOfValue, _Compare, _Alloc>::iterator std::_Rb_tree<_Key, _Val, _KeyOfValue, _Compare, _Alloc>::_M_upper_bound(std::_Rb_tree<_Key, _Val, _KeyOfValue, _Compare, _Alloc>::_Link_type, std::_Rb_tree<_Key, _Val, _KeyOfValue, _Compare, _Alloc>::_Base_ptr, const _Key&) [with _Key = InterruptAccessor* const; _Val = std::pair<InterruptAccessor* const, const std::function<void()> >; _KeyOfValue = std::_Select1st<std::pair<InterruptAccessor* const, const std::function<void()> > >; _Compare = std::less<InterruptAccessor* const>; _Alloc = std::allocator<std::pair<InterruptAccessor* const, const std::function<void()> > >]	40	static
c:\st\stm32cubeide_1.8.0\stm32cubeide\plugins\gcc-arm-none-eabi-10.3-2021.10\arm-none-eabi\include\c++\10.3.1\bits\stl_pair.h:352:12:constexpr std::pair<_T1, _T2>::pair(_U1&&, _U2&&) [with _U1 = std::_Rb_tree_iterator<std::pair<InterruptAccessor* const, const std::function<void()> > >; _U2 = std::_Rb_tree_iterator<std::pair<InterruptAccessor* const, const std::function<void()> > >; typename std::enable_if<(std::_PCC<true, _T1, _T2>::_MoveConstructiblePair<_U1, _U2>() && std::_PCC<true, _T1, _T2>::_ImplicitlyMoveConvertiblePair<_U1, _U2>()), bool>::type <anonymous> = true; _T1 = std::_Rb_tree_iterator<std::pair<InterruptAccessor* const, const std::function<void()> > >; _T2 = std::_Rb_tree_iterator<std::pair<InterruptAccessor* const, const std::function<void()> > >]	24	static
c:\st\stm32cubeide_1.8.0\stm32cubeide\plugins\gcc-arm-none-eabi-10.3-2021.10\arm-none-eabi\include\c++\10.3.1\bits\stl_tree.h:396:7:bool std::operator==(const _Self&, const _Self&)	16	static
c:\st\stm32cubeide_1.8.0\stm32cubeide\plugins\gcc-arm-none-eabi-10.3-2021.10\arm-none-eabi\include\c++\10.3.1\bits\stl_tree.h:1012:7:std::_Rb_tree<_Key, _Val, _KeyOfValue, _Compare, _Alloc>::iterator std::_Rb_tree<_Key, _Val, _KeyOfValue, _Compare, _Alloc>::end() [with _Key = InterruptAccessor* const; _Val = std::pair<InterruptAccessor* const, const std::function<void()> >; _KeyOfValue = std::_Select1st<std::pair<InterruptAccessor* const, const std::function<void()> > >; _Compare = std::less<InterruptAccessor* const>; _Alloc = std::allocator<std::pair<InterruptAccessor* const, const std::function<void()> > >]	24	static
c:\st\stm32cubeide_1.8.0\stm32cubeide\plugins\gcc-arm-none-eabi-10.3-2021.10\arm-none-eabi\include\c++\10.3.1\bits\stl_tree.h:1261:7:void std::_Rb_tree<_Key, _Val, _KeyOfValue, _Compare, _Alloc>::clear() [with _Key = InterruptAccessor* const; _Val = std::pair<InterruptAccessor* const, const std::function<void()> >; _KeyOfValue = std::_Select1st<std::pair<InterruptAccessor* const, const std::function<void()> > >; _Compare = std::less<InterruptAccessor* const>; _Alloc = std::allocator<std::pair<InterruptAccessor* const, const std::function<void()> > >]	16	static
c:\st\stm32cubeide_1.8.0\stm32cubeide\plugins\gcc-arm-none-eabi-10.3-2021.10\arm-none-eabi\include\c++\10.3.1\bits\stl_tree.h:401:7:bool std::operator!=(const _Self&, const _Self&)	16	static
c:\st\stm32cubeide_1.8.0\stm32cubeide\plugins\gcc-arm-none-eabi-10.3-2021.10\arm-none-eabi\include\c++\10.3.1\bits\stl_tree.h:373:7:std::_Rb_tree_const_iterator<_Tp>::_Self std::_Rb_tree_const_iterator<_Tp>::operator++(int) [with _Tp = std::pair<InterruptAccessor* const, const std::function<void()> >]	24	static
c:\st\stm32cubeide_1.8.0\stm32cubeide\plugins\gcc-arm-none-eabi-10.3-2021.10\arm-none-eabi\include\c++\10.3.1\bits\stl_tree.h:2512:5:void std::_Rb_tree<_Key, _Val, _KeyOfValue, _Compare, _Alloc>::_M_erase_aux(std::_Rb_tree<_Key, _Val, _KeyOfValue, _Compare, _Alloc>::const_iterator) [with _Key = InterruptAccessor* const; _Val = std::pair<InterruptAccessor* const, const std::function<void()> >; _KeyOfValue = std::_Select1st<std::pair<InterruptAccessor* const, const std::function<void()> > >; _Compare = std::less<InterruptAccessor* const>; _Alloc = std::allocator<std::pair<InterruptAccessor* const, const std::function<void()> > >]	24	static
c:\st\stm32cubeide_1.8.0\stm32cubeide\plugins\gcc-arm-none-eabi-10.3-2021.10\arm-none-eabi\include\c++\10.3.1\bits\std_function.h:97:7:const _Tp& std::_Any_data::_M_access() const [with _Tp = main()::<lambda()>]	16	static
c:\st\stm32cubeide_1.8.0\stm32cubeide\plugins\gcc-arm-none-eabi-10.3-2021.10\arm-none-eabi\include\c++\10.3.1\bits\move.h:49:5:constexpr _Tp* std::__addressof(_Tp&) [with _Tp = const main()::<lambda()>]	16	static
c:\st\stm32cubeide_1.8.0\stm32cubeide\plugins\gcc-arm-none-eabi-10.3-2021.10\arm-none-eabi\include\c++\10.3.1\bits\move.h:76:5:constexpr _Tp&& std::forward(typename std::remove_reference<_Tp>::type&) [with _Tp = main()::<lambda()>&]	16	static
c:\st\stm32cubeide_1.8.0\stm32cubeide\plugins\gcc-arm-none-eabi-10.3-2021.10\arm-none-eabi\include\c++\10.3.1\bits\invoke.h:59:5:) [with _Res = void; _Fn = main()::<lambda()>&; _Args = {}]	16	static
c:\st\stm32cubeide_1.8.0\stm32cubeide\plugins\gcc-arm-none-eabi-10.3-2021.10\arm-none-eabi\include\c++\10.3.1\bits\std_function.h:150:2:static void std::_Function_base::_Base_manager<_Functor>::_M_clone(std::_Any_data&, const std::_Any_data&, std::true_type) [with _Functor = main()::<lambda()>]	32	static
c:\st\stm32cubeide_1.8.0\stm32cubeide\plugins\gcc-arm-none-eabi-10.3-2021.10\arm-none-eabi\include\c++\10.3.1\bits\std_function.h:167:2:static void std::_Function_base::_Base_manager<_Functor>::_M_destroy(std::_Any_data&, std::true_type) [with _Functor = main()::<lambda()>]	16	static
c:\st\stm32cubeide_1.8.0\stm32cubeide\plugins\gcc-arm-none-eabi-10.3-2021.10\arm-none-eabi\include\c++\10.3.1\bits\stl_tree.h:570:7:std::_Rb_tree<_Key, _Val, _KeyOfValue, _Compare, _Alloc>::_Node_allocator& std::_Rb_tree<_Key, _Val, _KeyOfValue, _Compare, _Alloc>::_M_get_Node_allocator() [with _Key = InterruptAccessor* const; _Val = std::pair<InterruptAccessor* const, const std::function<void()> >; _KeyOfValue = std::_Select1st<std::pair<InterruptAccessor* const, const std::function<void()> > >; _Compare = std::less<InterruptAccessor* const>; _Alloc = std::allocator<std::pair<InterruptAccessor* const, const std::function<void()> > >]	16	static
c:\st\stm32cubeide_1.8.0\stm32cubeide\plugins\gcc-arm-none-eabi-10.3-2021.10\arm-none-eabi\include\c++\10.3.1\bits\alloc_traits.h:459:7:static _Tp* std::allocator_traits<std::allocator<_Tp1> >::allocate(std::allocator_traits<std::allocator<_Tp1> >::allocator_type&, std::allocator_traits<std::allocator<_Tp1> >::size_type) [with _Tp = std::_Rb_tree_node<std::pair<InterruptAccessor* const, const std::function<void()> > >]	16	static
c:\st\stm32cubeide_1.8.0\stm32cubeide\plugins\gcc-arm-none-eabi-10.3-2021.10\arm-none-eabi\include\c++\10.3.1\bits\stl_tree.h:234:7:_Val* std::_Rb_tree_node<_Val>::_M_valptr() [with _Val = std::pair<InterruptAccessor* const, const std::function<void()> >]	16	static
c:\st\stm32cubeide_1.8.0\stm32cubeide\plugins\gcc-arm-none-eabi-10.3-2021.10\arm-none-eabi\include\c++\10.3.1\bits\alloc_traits.h:507:2:) [with _Up = std::pair<InterruptAccessor* const, const std::function<void()> >; _Args = {std::pair<InterruptAccessor*, std::function<void()> >}; _Tp = std::_Rb_tree_node<std::pair<InterruptAccessor* const, const std::function<void()> > >]	24	static
c:\st\stm32cubeide_1.8.0\stm32cubeide\plugins\gcc-arm-none-eabi-10.3-2021.10\arm-none-eabi\include\c++\10.3.1\bits\move.h:76:5:constexpr _Tp&& std::forward(typename std::remove_reference<_Tp>::type&) [with _Tp = std::_Rb_tree_node<std::pair<InterruptAccessor* const, const std::function<void()> > >*&]	16	static
c:\st\stm32cubeide_1.8.0\stm32cubeide\plugins\gcc-arm-none-eabi-10.3-2021.10\arm-none-eabi\include\c++\10.3.1\bits\move.h:76:5:constexpr _Tp&& std::forward(typename std::remove_reference<_Tp>::type&) [with _Tp = std::_Rb_tree_node_base*&]	16	static
c:\st\stm32cubeide_1.8.0\stm32cubeide\plugins\gcc-arm-none-eabi-10.3-2021.10\arm-none-eabi\include\c++\10.3.1\ext\aligned_buffer.h:76:7:const _Tp* __gnu_cxx::__aligned_membuf<_Tp>::_M_ptr() const [with _Tp = std::pair<InterruptAccessor* const, const std::function<void()> >]	16	static
c:\st\stm32cubeide_1.8.0\stm32cubeide\plugins\gcc-arm-none-eabi-10.3-2021.10\arm-none-eabi\include\c++\10.3.1\bits\alloc_traits.h:527:2:static void std::allocator_traits<std::allocator<_Tp1> >::destroy(std::allocator_traits<std::allocator<_Tp1> >::allocator_type&, _Up*) [with _Up = std::pair<InterruptAccessor* const, const std::function<void()> >; _Tp = std::_Rb_tree_node<std::pair<InterruptAccessor* const, const std::function<void()> > >]	16	static
c:\st\stm32cubeide_1.8.0\stm32cubeide\plugins\gcc-arm-none-eabi-10.3-2021.10\arm-none-eabi\include\c++\10.3.1\bits\alloc_traits.h:491:7:static void std::allocator_traits<std::allocator<_Tp1> >::deallocate(std::allocator_traits<std::allocator<_Tp1> >::allocator_type&, std::allocator_traits<std::allocator<_Tp1> >::pointer, std::allocator_traits<std::allocator<_Tp1> >::size_type) [with _Tp = std::_Rb_tree_node<std::pair<InterruptAccessor* const, const std::function<void()> > >]	24	static
c:\st\stm32cubeide_1.8.0\stm32cubeide\plugins\gcc-arm-none-eabi-10.3-2021.10\arm-none-eabi\include\c++\10.3.1\bits\stl_tree.h:1915:5:void std::_Rb_tree<_Key, _Val, _KeyOfValue, _Compare, _Alloc>::_M_erase(std::_Rb_tree<_Key, _Val, _KeyOfValue, _Compare, _Alloc>::_Link_type) [with _Key = InterruptAccessor* const; _Val = std::pair<InterruptAccessor* const, const std::function<void()> >; _KeyOfValue = std::_Select1st<std::pair<InterruptAccessor* const, const std::function<void()> > >; _Compare = std::less<InterruptAccessor* const>; _Alloc = std::allocator<std::pair<InterruptAccessor* const, const std::function<void()> > >]	24	static
c:\st\stm32cubeide_1.8.0\stm32cubeide\plugins\gcc-arm-none-eabi-10.3-2021.10\arm-none-eabi\include\c++\10.3.1\bits\std_function.h:92:7:_Tp& std::_Any_data::_M_access() [with _Tp = main()::<lambda()>]	16	static
c:\st\stm32cubeide_1.8.0\stm32cubeide\plugins\gcc-arm-none-eabi-10.3-2021.10\arm-none-eabi\include\c++\10.3.1\ext\new_allocator.h:103:7:_Tp* __gnu_cxx::new_allocator<_Tp>::allocate(__gnu_cxx::new_allocator<_Tp>::size_type, const void*) [with _Tp = std::_Rb_tree_node<std::pair<InterruptAccessor* const, const std::function<void()> > >]	24	static
c:\st\stm32cubeide_1.8.0\stm32cubeide\plugins\gcc-arm-none-eabi-10.3-2021.10\arm-none-eabi\include\c++\10.3.1\ext\aligned_buffer.h:72:7:_Tp* __gnu_cxx::__aligned_membuf<_Tp>::_M_ptr() [with _Tp = std::pair<InterruptAccessor* const, const std::function<void()> >]	16	static
c:\st\stm32cubeide_1.8.0\stm32cubeide\plugins\gcc-arm-none-eabi-10.3-2021.10\arm-none-eabi\include\c++\10.3.1\ext\new_allocator.h:154:2:) [with _Up = std::pair<InterruptAccessor* const, const std::function<void()> >; _Args = {std::pair<InterruptAccessor*, std::function<void()> >}; _Tp = std::_Rb_tree_node<std::pair<InterruptAccessor* const, const std::function<void()> > >]	32	static
c:\st\stm32cubeide_1.8.0\stm32cubeide\plugins\gcc-arm-none-eabi-10.3-2021.10\arm-none-eabi\include\c++\10.3.1\ext\aligned_buffer.h:68:7:const void* __gnu_cxx::__aligned_membuf<_Tp>::_M_addr() const [with _Tp = std::pair<InterruptAccessor* const, const std::function<void()> >]	16	static
c:\st\stm32cubeide_1.8.0\stm32cubeide\plugins\gcc-arm-none-eabi-10.3-2021.10\arm-none-eabi\include\c++\10.3.1\bits\stl_pair.h:211:12:std::pair<InterruptAccessor* const, const std::function<void()> >::~pair()	16	static
c:\st\stm32cubeide_1.8.0\stm32cubeide\plugins\gcc-arm-none-eabi-10.3-2021.10\arm-none-eabi\include\c++\10.3.1\ext\new_allocator.h:160:2:void __gnu_cxx::new_allocator<_Tp>::destroy(_Up*) [with _Up = std::pair<InterruptAccessor* const, const std::function<void()> >; _Tp = std::_Rb_tree_node<std::pair<InterruptAccessor* const, const std::function<void()> > >]	16	static
c:\st\stm32cubeide_1.8.0\stm32cubeide\plugins\gcc-arm-none-eabi-10.3-2021.10\arm-none-eabi\include\c++\10.3.1\ext\new_allocator.h:126:7:void __gnu_cxx::new_allocator<_Tp>::deallocate(_Tp*, __gnu_cxx::new_allocator<_Tp>::size_type) [with _Tp = std::_Rb_tree_node<std::pair<InterruptAccessor* const, const std::function<void()> > >]	24	static
c:\st\stm32cubeide_1.8.0\stm32cubeide\plugins\gcc-arm-none-eabi-10.3-2021.10\arm-none-eabi\include\c++\10.3.1\ext\new_allocator.h:191:7:constexpr __gnu_cxx::new_allocator<_Tp>::size_type __gnu_cxx::new_allocator<_Tp>::_M_max_size() const [with _Tp = std::_Rb_tree_node<std::pair<InterruptAccessor* const, const std::function<void()> > >]	16	static
c:\st\stm32cubeide_1.8.0\stm32cubeide\plugins\gcc-arm-none-eabi-10.3-2021.10\arm-none-eabi\include\c++\10.3.1\ext\aligned_buffer.h:64:7:void* __gnu_cxx::__aligned_membuf<_Tp>::_M_addr() [with _Tp = std::pair<InterruptAccessor* const, const std::function<void()> >]	16	static
c:\st\stm32cubeide_1.8.0\stm32cubeide\plugins\gcc-arm-none-eabi-10.3-2021.10\arm-none-eabi\include\c++\10.3.1\bits\stl_pair.h:371:12:constexpr std::pair<_T1, _T2>::pair(std::pair<_U1, _U2>&&) [with _U1 = InterruptAccessor*; _U2 = std::function<void()>; typename std::enable_if<(std::_PCC<((! std::is_same<_T1, _U1>::value) || (! std::is_same<_T2, _U2>::value)), _T1, _T2>::_MoveConstructiblePair<_U1, _U2>() && std::_PCC<((! std::is_same<_T1, _U1>::value) || (! std::is_same<_T2, _U2>::value)), _T1, _T2>::_ImplicitlyMoveConvertiblePair<_U1, _U2>()), bool>::type <anonymous> = true; _T1 = InterruptAccessor* const; _T2 = const std::function<void()>]	24	static
c:\st\stm32cubeide_1.8.0\stm32cubeide\plugins\gcc-arm-none-eabi-10.3-2021.10\arm-none-eabi\include\c++\10.3.1\bits\move.h:76:5:constexpr _Tp&& std::forward(typename std::remove_reference<_Tp>::type&) [with _Tp = std::function<void()>]	16	static
