c:\st\stm32cubeide_1.8.0\stm32cubeide\plugins\gcc-arm-none-eabi-10.3-2021.10\arm-none-eabi\include\c++\10.3.1\type_traits:3291:3:constexpr bool std::is_constant_evaluated()	4	static
c:\st\stm32cubeide_1.8.0\stm32cubeide\plugins\gcc-arm-none-eabi-10.3-2021.10\arm-none-eabi\include\c++\10.3.1\bits\std_function.h:240:5:std::_Function_base::_Function_base()	16	static
c:\st\stm32cubeide_1.8.0\stm32cubeide\plugins\gcc-arm-none-eabi-10.3-2021.10\arm-none-eabi\include\c++\10.3.1\bits\std_function.h:242:5:std::_Function_base::~_Function_base()	16	static
c:\st\stm32cubeide_1.8.0\stm32cubeide\plugins\gcc-arm-none-eabi-10.3-2021.10\arm-none-eabi\include\c++\10.3.1\bits\std_function.h:248:10:bool std::_Function_base::_M_empty() const	16	static
c:\st\stm32cubeide_1.8.0\stm32cubeide\plugins\gcc-arm-none-eabi-10.3-2021.10\arm-none-eabi\include\c++\10.3.1\bits\stl_tree.h:173:5:std::_Rb_tree_header::_Rb_tree_header()	16	static
c:\st\stm32cubeide_1.8.0\stm32cubeide\plugins\gcc-arm-none-eabi-10.3-2021.10\arm-none-eabi\include\c++\10.3.1\bits\stl_tree.h:206:5:void std::_Rb_tree_header::_M_reset()	16	static
c:\st\stm32cubeide_1.8.0\stm32cubeide\plugins\gcc-arm-none-eabi-10.3-2021.10\arm-none-eabi\include\c++\10.3.1\bits\std_function.h:303:11:std::function<void()>::~function()	16	static
c:\st\stm32cubeide_1.8.0\stm32cubeide\plugins\gcc-arm-none-eabi-10.3-2021.10\arm-none-eabi\include\c++\10.3.1\bits\stl_tree.h:677:9:constexpr std::_Rb_tree<InterruptAccessor* const, std::pair<InterruptAccessor* const, const std::function<void()> >, std::_Select1st<std::pair<InterruptAccessor* const, const std::function<void()> > >, std::less<InterruptAccessor* const>, std::allocator<std::pair<InterruptAccessor* const, const std::function<void()> > > >::_Rb_tree_impl<std::less<InterruptAccessor* const>, true>::~_Rb_tree_impl()	16	static
c:\st\stm32cubeide_1.8.0\stm32cubeide\plugins\gcc-arm-none-eabi-10.3-2021.10\arm-none-eabi\include\c++\10.3.1\bits\stl_tree.h:937:7:std::_Rb_tree<_Key, _Val, _KeyOfValue, _Compare, _Alloc>::_Rb_tree() [with _Key = InterruptAccessor* const; _Val = std::pair<InterruptAccessor* const, const std::function<void()> >; _KeyOfValue = std::_Select1st<std::pair<InterruptAccessor* const, const std::function<void()> > >; _Compare = std::less<InterruptAccessor* const>; _Alloc = std::allocator<std::pair<InterruptAccessor* const, const std::function<void()> > >]	16	static
c:\st\stm32cubeide_1.8.0\stm32cubeide\plugins\gcc-arm-none-eabi-10.3-2021.10\arm-none-eabi\include\c++\10.3.1\bits\stl_map.h:185:7:std::map<_Key, _Tp, _Compare, _Alloc>::map() [with _Key = InterruptAccessor* const; _Tp = const std::function<void()>; _Compare = std::less<InterruptAccessor* const>; _Alloc = std::allocator<std::pair<InterruptAccessor* const, const std::function<void()> > >]	16	static
../Core/Src/stm32f3xx_it.cpp:74:6:void NMI_Handler()	4	static
../Core/Src/stm32f3xx_it.cpp:89:6:void HardFault_Handler()	4	static
../Core/Src/stm32f3xx_it.cpp:104:6:void MemManage_Handler()	4	static
../Core/Src/stm32f3xx_it.cpp:119:6:void BusFault_Handler()	4	static
../Core/Src/stm32f3xx_it.cpp:134:6:void UsageFault_Handler()	4	static
../Core/Src/stm32f3xx_it.cpp:149:6:void SVC_Handler()	4	static
../Core/Src/stm32f3xx_it.cpp:162:6:void DebugMon_Handler()	4	static
../Core/Src/stm32f3xx_it.cpp:175:6:void PendSV_Handler()	4	static
c:\st\stm32cubeide_1.8.0\stm32cubeide\plugins\gcc-arm-none-eabi-10.3-2021.10\arm-none-eabi\include\c++\10.3.1\bits\stl_pair.h:314:17:std::pair<_T1, _T2>::pair(const std::pair<_T1, _T2>&) [with _T1 = InterruptAccessor* const; _T2 = const std::function<void()>]	16	static
c:\st\stm32cubeide_1.8.0\stm32cubeide\plugins\gcc-arm-none-eabi-10.3-2021.10\arm-none-eabi\include\c++\10.3.1\bits\stl_pair.h:211:12:std::pair<InterruptAccessor* const, const std::function<void()> >::~pair()	16	static
../Core/Src/stm32f3xx_it.cpp:188:6:void SysTick_Handler()	40	static
../Core/Src/stm32f3xx_it.cpp:208:6:void EXTI0_IRQHandler()	24	static
../Core/Src/stm32f3xx_it.cpp:222:6:void USART1_IRQHandler()	8	static
c:\st\stm32cubeide_1.8.0\stm32cubeide\plugins\gcc-arm-none-eabi-10.3-2021.10\arm-none-eabi\include\c++\10.3.1\bits\stl_tree.h:684:4:std::_Rb_tree<_Key, _Val, _KeyOfValue, _Compare, _Alloc>::_Rb_tree_impl<_Key_compare, <anonymous> >::_Rb_tree_impl() [with _Key_compare = std::less<InterruptAccessor* const>; bool <anonymous> = true; _Key = InterruptAccessor* const; _Val = std::pair<InterruptAccessor* const, const std::function<void()> >; _KeyOfValue = std::_Select1st<std::pair<InterruptAccessor* const, const std::function<void()> > >; _Compare = std::less<InterruptAccessor* const>; _Alloc = std::allocator<std::pair<InterruptAccessor* const, const std::function<void()> > >]	16	static
c:\st\stm32cubeide_1.8.0\stm32cubeide\plugins\gcc-arm-none-eabi-10.3-2021.10\arm-none-eabi\include\c++\10.3.1\bits\allocator.h:182:7:constexpr std::allocator< <template-parameter-1-1> >::~allocator() [with _Tp = std::_Rb_tree_node<std::pair<InterruptAccessor* const, const std::function<void()> > >]	16	static
c:\st\stm32cubeide_1.8.0\stm32cubeide\plugins\gcc-arm-none-eabi-10.3-2021.10\arm-none-eabi\include\c++\10.3.1\bits\stl_tree.h:992:7:std::_Rb_tree<_Key, _Val, _KeyOfValue, _Compare, _Alloc>::~_Rb_tree() [with _Key = InterruptAccessor* const; _Val = std::pair<InterruptAccessor* const, const std::function<void()> >; _KeyOfValue = std::_Select1st<std::pair<InterruptAccessor* const, const std::function<void()> > >; _Compare = std::less<InterruptAccessor* const>; _Alloc = std::allocator<std::pair<InterruptAccessor* const, const std::function<void()> > >]	16	static
c:\st\stm32cubeide_1.8.0\stm32cubeide\plugins\gcc-arm-none-eabi-10.3-2021.10\arm-none-eabi\include\c++\10.3.1\bits\stl_map.h:356:7:std::map<_Key, _Tp, _Compare, _Alloc>::iterator std::map<_Key, _Tp, _Compare, _Alloc>::begin() [with _Key = InterruptAccessor* const; _Tp = const std::function<void()>; _Compare = std::less<InterruptAccessor* const>; _Alloc = std::allocator<std::pair<InterruptAccessor* const, const std::function<void()> > >]	16	static
c:\st\stm32cubeide_1.8.0\stm32cubeide\plugins\gcc-arm-none-eabi-10.3-2021.10\arm-none-eabi\include\c++\10.3.1\bits\stl_map.h:374:7:std::map<_Key, _Tp, _Compare, _Alloc>::iterator std::map<_Key, _Tp, _Compare, _Alloc>::end() [with _Key = InterruptAccessor* const; _Tp = const std::function<void()>; _Compare = std::less<InterruptAccessor* const>; _Alloc = std::allocator<std::pair<InterruptAccessor* const, const std::function<void()> > >]	16	static
c:\st\stm32cubeide_1.8.0\stm32cubeide\plugins\gcc-arm-none-eabi-10.3-2021.10\arm-none-eabi\include\c++\10.3.1\bits\stl_tree.h:315:7:bool std::operator==(const _Self&, const _Self&)	16	static
c:\st\stm32cubeide_1.8.0\stm32cubeide\plugins\gcc-arm-none-eabi-10.3-2021.10\arm-none-eabi\include\c++\10.3.1\bits\stl_tree.h:285:7:std::_Rb_tree_iterator<_Tp>::_Self& std::_Rb_tree_iterator<_Tp>::operator++() [with _Tp = std::pair<InterruptAccessor* const, const std::function<void()> >]	16	static
c:\st\stm32cubeide_1.8.0\stm32cubeide\plugins\gcc-arm-none-eabi-10.3-2021.10\arm-none-eabi\include\c++\10.3.1\bits\stl_tree.h:277:7:_Tp& std::_Rb_tree_iterator<_Tp>::operator*() const [with _Tp = std::pair<InterruptAccessor* const, const std::function<void()> >]	16	static
c:\st\stm32cubeide_1.8.0\stm32cubeide\plugins\gcc-arm-none-eabi-10.3-2021.10\arm-none-eabi\include\c++\10.3.1\bits\std_function.h:587:5:)>&) [with _Res = void; _ArgTypes = {}]	16	static
c:\st\stm32cubeide_1.8.0\stm32cubeide\plugins\gcc-arm-none-eabi-10.3-2021.10\arm-none-eabi\include\c++\10.3.1\bits\std_function.h:617:5:) const [with _Res = void; _ArgTypes = {}]	16	static
c:\st\stm32cubeide_1.8.0\stm32cubeide\plugins\gcc-arm-none-eabi-10.3-2021.10\arm-none-eabi\include\c++\10.3.1\bits\allocator.h:164:7:constexpr std::allocator< <template-parameter-1-1> >::allocator() [with _Tp = std::_Rb_tree_node<std::pair<InterruptAccessor* const, const std::function<void()> > >]	16	static
c:\st\stm32cubeide_1.8.0\stm32cubeide\plugins\gcc-arm-none-eabi-10.3-2021.10\arm-none-eabi\include\c++\10.3.1\bits\stl_tree.h:146:7:std::_Rb_tree_key_compare<_Key_compare>::_Rb_tree_key_compare() [with _Key_compare = std::less<InterruptAccessor* const>]	16	static
c:\st\stm32cubeide_1.8.0\stm32cubeide\plugins\gcc-arm-none-eabi-10.3-2021.10\arm-none-eabi\include\c++\10.3.1\bits\stl_tree.h:1915:5:void std::_Rb_tree<_Key, _Val, _KeyOfValue, _Compare, _Alloc>::_M_erase(std::_Rb_tree<_Key, _Val, _KeyOfValue, _Compare, _Alloc>::_Link_type) [with _Key = InterruptAccessor* const; _Val = std::pair<InterruptAccessor* const, const std::function<void()> >; _KeyOfValue = std::_Select1st<std::pair<InterruptAccessor* const, const std::function<void()> > >; _Compare = std::less<InterruptAccessor* const>; _Alloc = std::allocator<std::pair<InterruptAccessor* const, const std::function<void()> > >]	24	static
c:\st\stm32cubeide_1.8.0\stm32cubeide\plugins\gcc-arm-none-eabi-10.3-2021.10\arm-none-eabi\include\c++\10.3.1\bits\stl_tree.h:750:7:std::_Rb_tree_node<_Val>* std::_Rb_tree<_Key, _Val, _KeyOfValue, _Compare, _Alloc>::_M_begin() [with _Key = InterruptAccessor* const; _Val = std::pair<InterruptAccessor* const, const std::function<void()> >; _KeyOfValue = std::_Select1st<std::pair<InterruptAccessor* const, const std::function<void()> > >; _Compare = std::less<InterruptAccessor* const>; _Alloc = std::allocator<std::pair<InterruptAccessor* const, const std::function<void()> > >]	16	static
c:\st\stm32cubeide_1.8.0\stm32cubeide\plugins\gcc-arm-none-eabi-10.3-2021.10\arm-none-eabi\include\c++\10.3.1\bits\stl_tree.h:1004:7:std::_Rb_tree<_Key, _Val, _KeyOfValue, _Compare, _Alloc>::iterator std::_Rb_tree<_Key, _Val, _KeyOfValue, _Compare, _Alloc>::begin() [with _Key = InterruptAccessor* const; _Val = std::pair<InterruptAccessor* const, const std::function<void()> >; _KeyOfValue = std::_Select1st<std::pair<InterruptAccessor* const, const std::function<void()> > >; _Compare = std::less<InterruptAccessor* const>; _Alloc = std::allocator<std::pair<InterruptAccessor* const, const std::function<void()> > >]	24	static
c:\st\stm32cubeide_1.8.0\stm32cubeide\plugins\gcc-arm-none-eabi-10.3-2021.10\arm-none-eabi\include\c++\10.3.1\bits\stl_tree.h:1012:7:std::_Rb_tree<_Key, _Val, _KeyOfValue, _Compare, _Alloc>::iterator std::_Rb_tree<_Key, _Val, _KeyOfValue, _Compare, _Alloc>::end() [with _Key = InterruptAccessor* const; _Val = std::pair<InterruptAccessor* const, const std::function<void()> >; _KeyOfValue = std::_Select1st<std::pair<InterruptAccessor* const, const std::function<void()> > >; _Compare = std::less<InterruptAccessor* const>; _Alloc = std::allocator<std::pair<InterruptAccessor* const, const std::function<void()> > >]	24	static
c:\st\stm32cubeide_1.8.0\stm32cubeide\plugins\gcc-arm-none-eabi-10.3-2021.10\arm-none-eabi\include\c++\10.3.1\bits\stl_tree.h:234:7:_Val* std::_Rb_tree_node<_Val>::_M_valptr() [with _Val = std::pair<InterruptAccessor* const, const std::function<void()> >]	16	static
c:\st\stm32cubeide_1.8.0\stm32cubeide\plugins\gcc-arm-none-eabi-10.3-2021.10\arm-none-eabi\include\c++\10.3.1\bits\std_function.h:498:16:)>::operator bool() const [with _Res = void; _ArgTypes = {}]	16	static
c:\st\stm32cubeide_1.8.0\stm32cubeide\plugins\gcc-arm-none-eabi-10.3-2021.10\arm-none-eabi\include\c++\10.3.1\bits\stl_tree.h:652:7:void std::_Rb_tree<_Key, _Val, _KeyOfValue, _Compare, _Alloc>::_M_drop_node(std::_Rb_tree<_Key, _Val, _KeyOfValue, _Compare, _Alloc>::_Link_type) [with _Key = InterruptAccessor* const; _Val = std::pair<InterruptAccessor* const, const std::function<void()> >; _KeyOfValue = std::_Select1st<std::pair<InterruptAccessor* const, const std::function<void()> > >; _Compare = std::less<InterruptAccessor* const>; _Alloc = std::allocator<std::pair<InterruptAccessor* const, const std::function<void()> > >]	16	static
c:\st\stm32cubeide_1.8.0\stm32cubeide\plugins\gcc-arm-none-eabi-10.3-2021.10\arm-none-eabi\include\c++\10.3.1\bits\stl_tree.h:273:7:std::_Rb_tree_iterator<_Tp>::_Rb_tree_iterator(std::_Rb_tree_iterator<_Tp>::_Base_ptr) [with _Tp = std::pair<InterruptAccessor* const, const std::function<void()> >]	16	static
c:\st\stm32cubeide_1.8.0\stm32cubeide\plugins\gcc-arm-none-eabi-10.3-2021.10\arm-none-eabi\include\c++\10.3.1\ext\new_allocator.h:79:7:constexpr __gnu_cxx::new_allocator<_Tp>::new_allocator() [with _Tp = std::_Rb_tree_node<std::pair<InterruptAccessor* const, const std::function<void()> > >]	16	static
c:\st\stm32cubeide_1.8.0\stm32cubeide\plugins\gcc-arm-none-eabi-10.3-2021.10\arm-none-eabi\include\c++\10.3.1\bits\stl_tree.h:799:7:static std::_Rb_tree_node<_Val>* std::_Rb_tree<_Key, _Val, _KeyOfValue, _Compare, _Alloc>::_S_right(std::_Rb_tree<_Key, _Val, _KeyOfValue, _Compare, _Alloc>::_Base_ptr) [with _Key = InterruptAccessor* const; _Val = std::pair<InterruptAccessor* const, const std::function<void()> >; _KeyOfValue = std::_Select1st<std::pair<InterruptAccessor* const, const std::function<void()> > >; _Compare = std::less<InterruptAccessor* const>; _Alloc = std::allocator<std::pair<InterruptAccessor* const, const std::function<void()> > >]	16	static
c:\st\stm32cubeide_1.8.0\stm32cubeide\plugins\gcc-arm-none-eabi-10.3-2021.10\arm-none-eabi\include\c++\10.3.1\bits\stl_tree.h:791:7:static std::_Rb_tree_node<_Val>* std::_Rb_tree<_Key, _Val, _KeyOfValue, _Compare, _Alloc>::_S_left(std::_Rb_tree<_Key, _Val, _KeyOfValue, _Compare, _Alloc>::_Base_ptr) [with _Key = InterruptAccessor* const; _Val = std::pair<InterruptAccessor* const, const std::function<void()> >; _KeyOfValue = std::_Select1st<std::pair<InterruptAccessor* const, const std::function<void()> > >; _Compare = std::less<InterruptAccessor* const>; _Alloc = std::allocator<std::pair<InterruptAccessor* const, const std::function<void()> > >]	16	static
c:\st\stm32cubeide_1.8.0\stm32cubeide\plugins\gcc-arm-none-eabi-10.3-2021.10\arm-none-eabi\include\c++\10.3.1\ext\aligned_buffer.h:72:7:_Tp* __gnu_cxx::__aligned_membuf<_Tp>::_M_ptr() [with _Tp = std::pair<InterruptAccessor* const, const std::function<void()> >]	16	static
c:\st\stm32cubeide_1.8.0\stm32cubeide\plugins\gcc-arm-none-eabi-10.3-2021.10\arm-none-eabi\include\c++\10.3.1\bits\stl_tree.h:641:7:void std::_Rb_tree<_Key, _Val, _KeyOfValue, _Compare, _Alloc>::_M_destroy_node(std::_Rb_tree<_Key, _Val, _KeyOfValue, _Compare, _Alloc>::_Link_type) [with _Key = InterruptAccessor* const; _Val = std::pair<InterruptAccessor* const, const std::function<void()> >; _KeyOfValue = std::_Select1st<std::pair<InterruptAccessor* const, const std::function<void()> > >; _Compare = std::less<InterruptAccessor* const>; _Alloc = std::allocator<std::pair<InterruptAccessor* const, const std::function<void()> > >]	24	static
c:\st\stm32cubeide_1.8.0\stm32cubeide\plugins\gcc-arm-none-eabi-10.3-2021.10\arm-none-eabi\include\c++\10.3.1\bits\stl_tree.h:587:7:void std::_Rb_tree<_Key, _Val, _KeyOfValue, _Compare, _Alloc>::_M_put_node(std::_Rb_tree<_Key, _Val, _KeyOfValue, _Compare, _Alloc>::_Link_type) [with _Key = InterruptAccessor* const; _Val = std::pair<InterruptAccessor* const, const std::function<void()> >; _KeyOfValue = std::_Select1st<std::pair<InterruptAccessor* const, const std::function<void()> > >; _Compare = std::less<InterruptAccessor* const>; _Alloc = std::allocator<std::pair<InterruptAccessor* const, const std::function<void()> > >]	16	static
c:\st\stm32cubeide_1.8.0\stm32cubeide\plugins\gcc-arm-none-eabi-10.3-2021.10\arm-none-eabi\include\c++\10.3.1\ext\aligned_buffer.h:64:7:void* __gnu_cxx::__aligned_membuf<_Tp>::_M_addr() [with _Tp = std::pair<InterruptAccessor* const, const std::function<void()> >]	16	static
c:\st\stm32cubeide_1.8.0\stm32cubeide\plugins\gcc-arm-none-eabi-10.3-2021.10\arm-none-eabi\include\c++\10.3.1\bits\stl_tree.h:570:7:std::_Rb_tree<_Key, _Val, _KeyOfValue, _Compare, _Alloc>::_Node_allocator& std::_Rb_tree<_Key, _Val, _KeyOfValue, _Compare, _Alloc>::_M_get_Node_allocator() [with _Key = InterruptAccessor* const; _Val = std::pair<InterruptAccessor* const, const std::function<void()> >; _KeyOfValue = std::_Select1st<std::pair<InterruptAccessor* const, const std::function<void()> > >; _Compare = std::less<InterruptAccessor* const>; _Alloc = std::allocator<std::pair<InterruptAccessor* const, const std::function<void()> > >]	16	static
c:\st\stm32cubeide_1.8.0\stm32cubeide\plugins\gcc-arm-none-eabi-10.3-2021.10\arm-none-eabi\include\c++\10.3.1\bits\alloc_traits.h:527:2:static constexpr void std::allocator_traits<std::allocator<_Up> >::destroy(std::allocator_traits<std::allocator<_Up> >::allocator_type&, _Up*) [with _Up = std::pair<InterruptAccessor* const, const std::function<void()> >; _Tp = std::_Rb_tree_node<std::pair<InterruptAccessor* const, const std::function<void()> > >]	16	static
c:\st\stm32cubeide_1.8.0\stm32cubeide\plugins\gcc-arm-none-eabi-10.3-2021.10\arm-none-eabi\include\c++\10.3.1\bits\alloc_traits.h:491:7:static constexpr void std::allocator_traits<std::allocator<_Up> >::deallocate(std::allocator_traits<std::allocator<_Up> >::allocator_type&, std::allocator_traits<std::allocator<_Up> >::pointer, std::allocator_traits<std::allocator<_Up> >::size_type) [with _Tp = std::_Rb_tree_node<std::pair<InterruptAccessor* const, const std::function<void()> > >]	40	static
c:\st\stm32cubeide_1.8.0\stm32cubeide\plugins\gcc-arm-none-eabi-10.3-2021.10\arm-none-eabi\include\c++\10.3.1\bits\stl_construct.h:80:5:constexpr void std::destroy_at(_Tp*) [with _Tp = std::pair<InterruptAccessor* const, const std::function<void()> >]	16	static
c:\st\stm32cubeide_1.8.0\stm32cubeide\plugins\gcc-arm-none-eabi-10.3-2021.10\arm-none-eabi\include\c++\10.3.1\ext\new_allocator.h:126:7:void __gnu_cxx::new_allocator<_Tp>::deallocate(_Tp*, __gnu_cxx::new_allocator<_Tp>::size_type) [with _Tp = std::_Rb_tree_node<std::pair<InterruptAccessor* const, const std::function<void()> > >]	24	static
c:\st\stm32cubeide_1.8.0\stm32cubeide\plugins\gcc-arm-none-eabi-10.3-2021.10\arm-none-eabi\include\c++\10.3.1\bits\stl_map.h:302:7:std::map<_Key, _Tp, _Compare, _Alloc>::~map() [with _Key = InterruptAccessor* const; _Tp = const std::function<void()>; _Compare = std::less<InterruptAccessor* const>; _Alloc = std::allocator<std::pair<InterruptAccessor* const, const std::function<void()> > >]	16	static
../Core/Src/stm32f3xx_it.cpp:232:1:void __static_initialization_and_destruction_0(int, int)	16	static
../Core/Src/stm32f3xx_it.cpp:232:1:cpp)	8	static
../Core/Src/stm32f3xx_it.cpp:232:1:cpp)	8	static
